Command: /Users/sam/.espressif/python_env/idf5.5_py3.14_env/bin/python /Users/sam/esp/esp-idf/tools/idf_monitor.py -p /dev/cu.usbmodem142101 -b 115200 --toolchain-prefix xtensa-esp32s3-elf- --target esp32s3 --revision 0 /Users/sam/Desktop/llm_star/hello_world/build/hello_world.elf /Users/sam/Desktop/llm_star/hello_world/build/bootloader/bootloader.elf -m '/Users/sam/.espressif/python_env/idf5.5_py3.14_env/bin/python' '/Users/sam/esp/esp-idf/tools/idf.py' '-p' '/dev/cu.usbmodem142101'
ESP-ROM:esp32s3-20210327
Build:Mar 27 2021
rst:0x15 (USB_UART_CHIP_RESET),boot:0x2b (SPI_FAST_FLASH_BOOT)
Saved PC:0x42005c64
SPIWP:0xee
mode:DIO, clock div:1
load:0x3fce2820,len:0x14f0
load:0x403c8700,len:0xd24
load:0x403cb700,len:0x2ef0
entry 0x403c8924
[0;32mI (24) boot: ESP-IDF v5.5.3 2nd stage bootloader[0m
[0;32mI (24) boot: compile time Mar 12 2026 15:54:24[0m
[0;32mI (25) boot: Multicore bootloader[0m
[0;32mI (25) boot: chip revision: v0.2[0m
[0;32mI (28) boot: efuse block revision: v1.3[0m
[0;32mI (31) boot.esp32s3: Boot SPI Speed : 80MHz[0m
[0;32mI (35) boot.esp32s3: SPI Mode       : DIO[0m
[0;32mI (39) boot.esp32s3: SPI Flash Size : 16MB[0m
[0;32mI (43) boot: Enabling RNG early entropy source...[0m
[0;32mI (47) boot: Partition Table:[0m
[0;32mI (50) boot: ## Label            Usage          Type ST Offset   Length[0m
[0;32mI (56) boot:  0 nvs              WiFi data        01 02 00009000 00006000[0m
[0;32mI (63) boot:  1 phy_init         RF data          01 01 0000f000 00001000[0m
[0;32mI (69) boot:  2 factory          factory app      00 00 00010000 00100000[0m
[0;32mI (76) boot: End of partition table[0m
[0;32mI (79) esp_image: segment 0: paddr=00010020 vaddr=3c010020 size=0796ch ( 31084) map[0m
[0;32mI (92) esp_image: segment 1: paddr=00017994 vaddr=3fc92100 size=03044h ( 12356) load[0m
[0;32mI (96) esp_image: segment 2: paddr=0001a9e0 vaddr=40374000 size=05638h ( 22072) load[0m
[0;32mI (106) esp_image: segment 3: paddr=00020020 vaddr=42000020 size=0f1b0h ( 61872) map[0m
[0;32mI (120) esp_image: segment 4: paddr=0002f1d8 vaddr=40379638 size=089e8h ( 35304) load[0m
[0;32mI (128) esp_image: segment 5: paddr=00037bc8 vaddr=50000000 size=00020h (    32) load[0m
[0;32mI (134) boot: Loaded app from partition at offset 0x10000[0m
[0;32mI (134) boot: Disabling RNG early entropy source...[0m
[0;32mI (145) octal_psram: vendor id    : 0x0d (AP)[0m
[0;32mI (146) octal_psram: dev id       : 0x02 (generation 3)[0m
[0;32mI (146) octal_psram: density      : 0x03 (64 Mbit)[0m
[0;32mI (148) octal_psram: good-die     : 0x01 (Pass)[0m
[0;32mI (152) octal_psram: Latency      : 0x01 (Fixed)[0m
[0;32mI (156) octal_psram: VCC          : 0x01 (3V)[0m
[0;32mI (160) octal_psram: SRF          : 0x01 (Fast Refresh)[0m
[0;32mI (165) octal_psram: BurstType    : 0x01 (Hybrid Wrap)[0m
[0;32mI (170) octal_psram: BurstLen     : 0x01 (32 Byte)[0m
[0;32mI (175) octal_psram: Readlatency  : 0x02 (10 cycles@Fixed)[0m
[0;32mI (180) octal_psram: DriveStrength: 0x00 (1/1)[0m
[0;32mI (184) MSPI Timing: Enter psram timing tuning[0m
[0;32mI (189) esp_psram: Found 8MB PSRAM device[0m
[0;32mI (192) esp_psram: Speed: 80MHz[0m
[0;32mI (195) cpu_start: Multicore app[0m
[0;32mI (611) esp_psram: SPI SRAM memory test OK[0m
[0;32mI (619) cpu_start: GPIO 44 and 43 are used as console UART I/O pins[0m
[0;32mI (620) cpu_start: Pro cpu start user code[0m
[0;32mI (620) cpu_start: cpu freq: 240000000 Hz[0m
[0;32mI (622) app_init: Application information:[0m
[0;32mI (626) app_init: Project name:     hello_world[0m
[0;32mI (630) app_init: App version:      1[0m
[0;32mI (633) app_init: Compile time:     Mar 12 2026 15:56:28[0m
[0;32mI (638) app_init: ELF file SHA256:  22d8eb25d...[0m
[0;32mI (643) app_init: ESP-IDF:          v5.5.3[0m
[0;32mI (646) efuse_init: Min chip rev:     v0.0[0m
[0;32mI (650) efuse_init: Max chip rev:     v0.99 [0m
[0;32mI (654) efuse_init: Chip rev:         v0.2[0m
[0;32mI (658) heap_init: Initializing. RAM available for dynamic allocation:[0m
[0;32mI (664) heap_init: At 3FC95A00 len 00053D10 (335 KiB): RAM[0m
[0;32mI (669) heap_init: At 3FCE9710 len 00005724 (21 KiB): RAM[0m
[0;32mI (675) heap_init: At 3FCF0000 len 00008000 (32 KiB): DRAM[0m
[0;32mI (680) heap_init: At 600FE000 len 00001FE8 (7 KiB): RTCRAM[0m
[0;32mI (685) esp_psram: Adding pool of 8192K of PSRAM memory to heap allocator[0m
[0;32mI (692) spi_flash: detected chip: winbond[0m
[0;32mI (695) spi_flash: flash io: dio[0m
[0;32mI (698) sleep_gpio: Configure to isolate all GPIO pins in sleep state[0m
[0;32mI (705) sleep_gpio: Enable automatic switching of GPIO sleep configuration[0m
[0;32mI (711) main_task: Started on CPU0[0m
[0;32mI (721) esp_psram: Reserving pool of 32K of internal memory for DMA/internal allocations[0m
[0;32mI (721) main_task: Calling app_main()[0m

--- TinyBit Hardware Diagnostic ---
Chip: esp32s3 (rev 0.2), Cores: 2
Flash size: 16 MB (external)
PSRAM size: 8 MB (Detected! ✅)

--- Memory Status ---
Internal RAM free: 389651 bytes
External PSRAM free: 8386308 bytes
Min free heap: 8743928 bytes

Starting TinyBit experiments in 5s...
5...4...3...2...1...0...
Restarting...
ESP-ROM:esp32s3-20210327
Build:Mar 27 2021
rst:0xc (RTC_SW_CPU_RST),boot:0x2b (SPI_FAST_FLASH_BOOT)
Saved PC:0x40379d44
SPIWP:0xee
mode:DIO, clock div:1
load:0x3fce2820,len:0x14f0
load:0x403c8700,len:0xd24
load:0x403cb700,len:0x2ef0
entry 0x403c8924
[0;32mI (24) boot: ESP-IDF v5.5.3 2nd stage bootloader[0m
[0;32mI (24) boot: compile time Mar 12 2026 15:54:24[0m
[0;32mI (24) boot: Multicore bootloader[0m
[0;32mI (25) boot: chip revision: v0.2[0m
[0;32mI (27) boot: efuse block revision: v1.3[0m
[0;32mI (31) boot.esp32s3: Boot SPI Speed : 80MHz[0m
[0;32mI (35) boot.esp32s3: SPI Mode       : DIO[0m
[0;32mI (38) boot.esp32s3: SPI Flash Size : 16MB[0m
[0;32mI (42) boot: Enabling RNG early entropy source...[0m
[0;32mI (47) boot: Partition Table:[0m
[0;32mI (49) boot: ## Label            Usage          Type ST Offset   Length[0m
[0;32mI (56) boot:  0 nvs              WiFi data        01 02 00009000 00006000[0m
[0;32mI (62) boot:  1 phy_init         RF data          01 01 0000f000 00001000[0m
[0;32mI (69) boot:  2 factory          factory app      00 00 00010000 00100000[0m
[0;32mI (75) boot: End of partition table[0m
[0;32mI (78) esp_image: segment 0: paddr=00010020 vaddr=3c010020 size=0796ch ( 31084) map[0m
[0;32mI (91) esp_image: segment 1: paddr=00017994 vaddr=3fc92100 size=03044h ( 12356) load[0m
[0;32mI (96) esp_image: segment 2: paddr=0001a9e0 vaddr=40374000 size=05638h ( 22072) load[0m
[0;32mI (105) esp_image: segment 3: paddr=00020020 vaddr=42000020 size=0f1b0h ( 61872) map[0m
[0;32mI (119) esp_image: segment 4: paddr=0002f1d8 vaddr=40379638 size=089e8h ( 35304) load[0m
[0;32mI (127) esp_image: segment 5: paddr=00037bc8 vaddr=50000000 size=00020h (    32) load[0m
[0;32mI (133) boot: Loaded app from partition at offset 0x10000[0m
[0;32mI (133) boot: Disabling RNG early entropy source...[0m
[0;32mI (145) octal_psram: vendor id    : 0x0d (AP)[0m
[0;32mI (145) octal_psram: dev id       : 0x02 (generation 3)[0m
[0;32mI (145) octal_psram: density      : 0x03 (64 Mbit)[0m
[0;32mI (147) octal_psram: good-die     : 0x01 (Pass)[0m
[0;32mI (152) octal_psram: Latency      : 0x01 (Fixed)[0m
[0;32mI (156) octal_psram: VCC          : 0x01 (3V)[0m
[0;32mI (160) octal_psram: SRF          : 0x01 (Fast Refresh)[0m
[0;32mI (165) octal_psram: BurstType    : 0x01 (Hybrid Wrap)[0m
[0;32mI (170) octal_psram: BurstLen     : 0x01 (32 Byte)[0m
[0;32mI (174) octal_psram: Readlatency  : 0x02 (10 cycles@Fixed)[0m
[0;32mI (179) octal_psram: DriveStrength: 0x00 (1/1)[0m
[0;32mI (184) MSPI Timing: Enter psram timing tuning[0m
[0;32mI (188) esp_psram: Found 8MB PSRAM device[0m
[0;32mI (192) esp_psram: Speed: 80MHz[0m
[0;32mI (195) cpu_start: Multicore app[0m
[0;32mI (610) esp_psram: SPI SRAM memory test OK[0m
[0;32mI (619) cpu_start: GPIO 44 and 43 are used as console UART I/O pins[0m
[0;32mI (620) cpu_start: Pro cpu start user code[0m
[0;32mI (620) cpu_start: cpu freq: 240000000 Hz[0m
[0;32mI (621) app_init: Application information:[0m
[0;32mI (625) app_init: Project name:     hello_world[0m
[0;32mI (629) app_init: App version:      1[0m
[0;32mI (633) app_init: Compile time:     Mar 12 2026 15:56:28[0m
[0;32mI (638) app_init: ELF file SHA256:  22d8eb25d...[0m
[0;32mI (642) app_init: ESP-IDF:          v5.5.3[0m
[0;32mI (646) efuse_init: Min chip rev:     v0.0[0m
[0;32mI (650) efuse_init: Max chip rev:     v0.99 [0m
[0;32mI (654) efuse_init: Chip rev:         v0.2[0m
[0;32mI (658) heap_init: Initializing. RAM available for dynamic allocation:[0m
[0;32mI (664) heap_init: At 3FC95A00 len 00053D10 (335 KiB): RAM[0m
[0;32mI (669) heap_init: At 3FCE9710 len 00005724 (21 KiB): RAM[0m
[0;32mI (674) heap_init: At 3FCF0000 len 00008000 (32 KiB): DRAM[0m
[0;32mI (679) heap_init: At 600FE000 len 00001FE8 (7 KiB): RTCRAM[0m
[0;32mI (685) esp_psram: Adding pool of 8192K of PSRAM memory to heap allocator[0m
[0;32mI (692) spi_flash: detected chip: winbond[0m
[0;32mI (695) spi_flash: flash io: dio[0m
[0;32mI (698) sleep_gpio: Configure to isolate all GPIO pins in sleep state[0m
[0;32mI (704) sleep_gpio: Enable automatic switching of GPIO sleep configuration[0m
[0;32mI (711) main_task: Started on CPU0[0m
[0;32mI (721) esp_psram: Reserving pool of 32K of internal memory for DMA/internal allocations[0m
[0;32mI (721) main_task: Calling app_main()[0m

--- TinyBit Hardware Diagnostic ---
Chip: esp32s3 (rev 0.2), Cores: 2
Flash size: 16 MB (external)
PSRAM size: 8 MB (Detected! ✅)

--- Memory Status ---
Internal RAM free: 389651 bytes
External PSRAM free: 8386308 bytes
Min free heap: 8743928 bytes

Starting TinyBit experiments in 5s...
5...4...3...2...1...0...
Restarting...
ESP-ROM:esp32s3-20210327
Build:Mar 27 2021
rst:0xc (RTC_SW_CPU_RST),boot:0x2b (SPI_FAST_FLASH_BOOT)
Saved PC:0x40379d44
SPIWP:0xee
mode:DIO, clock div:1
load:0x3fce2820,len:0x14f0
load:0x403c8700,len:0xd24
load:0x403cb700,len:0x2ef0
entry 0x403c8924
[0;32mI (24) boot: ESP-IDF v5.5.3 2nd stage bootloader[0m
[0;32mI (24) boot: compile time Mar 12 2026 15:54:24[0m
[0;32mI (24) boot: Multicore bootloader[0m
[0;32mI (25) boot: chip revision: v0.2[0m
[0;32mI (27) boot: efuse block revision: v1.3[0m
[0;32mI (31) boot.esp32s3: Boot SPI Speed : 80MHz[0m
[0;32mI (35) boot.esp32s3: SPI Mode       : DIO[0m
[0;32mI (38) boot.esp32s3: SPI Flash Size : 16MB[0m
[0;32mI (42) boot: Enabling RNG early entropy source...[0m
[0;32mI (47) boot: Partition Table:[0m
[0;32mI (49) boot: ## Label            Usage          Type ST Offset   Length[0m
[0;32mI (56) boot:  0 nvs              WiFi data        01 02 00009000 00006000[0m
[0;32mI (62) boot:  1 phy_init         RF data          01 01 0000f000 00001000[0m
[0;32mI (69) boot:  2 factory          factory app      00 00 00010000 00100000[0m
[0;32mI (75) boot: End of partition table[0m
[0;32mI (78) esp_image: segment 0: paddr=00010020 vaddr=3c010020 size=0796ch ( 31084) map[0m
[0;32mI (91) esp_image: segment 1: paddr=00017994 vaddr=3fc92100 size=03044h ( 12356) load[0m
[0;32mI (96) esp_image: segment 2: paddr=0001a9e0 vaddr=40374000 size=05638h ( 22072) load[0m
[0;32mI (105) esp_image: segment 3: paddr=00020020 vaddr=42000020 size=0f1b0h ( 61872) map[0m
[0;32mI (119) esp_image: segment 4: paddr=0002f1d8 vaddr=40379638 size=089e8h ( 35304) load[0m
[0;32mI (127) esp_image: segment 5: paddr=00037bc8 vaddr=50000000 size=00020h (    32) load[0m
[0;32mI (133) boot: Loaded app from partition at offset 0x10000[0m
[0;32mI (133) boot: Disabling RNG early entropy source...[0m
[0;32mI (145) octal_psram: vendor id    : 0x0d (AP)[0m
[0;32mI (145) octal_psram: dev id       : 0x02 (generation 3)[0m
[0;32mI (145) octal_psram: density      : 0x03 (64 Mbit)[0m
[0;32mI (147) octal_psram: good-die     : 0x01 (Pass)[0m
[0;32mI (152) octal_psram: Latency      : 0x01 (Fixed)[0m
[0;32mI (156) octal_psram: VCC          : 0x01 (3V)[0m
[0;32mI (160) octal_psram: SRF          : 0x01 (Fast Refresh)[0m
[0;32mI (165) octal_psram: BurstType    : 0x01 (Hybrid Wrap)[0m
[0;32mI (170) octal_psram: BurstLen     : 0x01 (32 Byte)[0m
[0;32mI (174) octal_psram: Readlatency  : 0x02 (10 cycles@Fixed)[0m
[0;32mI (179) octal_psram: DriveStrength: 0x00 (1/1)[0m
[0;32mI (184) MSPI Timing: Enter psram timing tuning[0m
[0;32mI (188) esp_psram: Found 8MB PSRAM device[0m
[0;32mI (192) esp_psram: Speed: 80MHz[0m
[0;32mI (195) cpu_start: Multicore app[0m
[0;32mI (610) esp_psram: SPI SRAM memory test OK[0m
[0;32mI (619) cpu_start: GPIO 44 and 43 are used as console UART I/O pins[0m
[0;32mI (620) cpu_start: Pro cpu start user code[0m
[0;32mI (620) cpu_start: cpu freq: 240000000 Hz[0m
[0;32mI (621) app_init: Application information:[0m
[0;32mI (625) app_init: Project name:     hello_world[0m
[0;32mI (629) app_init: App version:      1[0m
[0;32mI (633) app_init: Compile time:     Mar 12 2026 15:56:28[0m
[0;32mI (638) app_init: ELF file SHA256:  22d8eb25d...[0m
[0;32mI (642) app_init: ESP-IDF:          v5.5.3[0m
[0;32mI (646) efuse_init: Min chip rev:     v0.0[0m
[0;32mI (650) efuse_init: Max chip rev:     v0.99 [0m
[0;32mI (654) efuse_init: Chip rev:         v0.2[0m
[0;32mI (658) heap_init: Initializing. RAM available for dynamic allocation:[0m
[0;32mI (664) heap_init: At 3FC95A00 len 00053D10 (335 KiB): RAM[0m
[0;32mI (669) heap_init: At 3FCE9710 len 00005724 (21 KiB): RAM[0m
[0;32mI (674) heap_init: At 3FCF0000 len 00008000 (32 KiB): DRAM[0m
[0;32mI (679) heap_init: At 600FE000 len 00001FE8 (7 KiB): RTCRAM[0m
[0;32mI (685) esp_psram: Adding pool of 8192K of PSRAM memory to heap allocator[0m
[0;32mI (692) spi_flash: detected chip: winbond[0m
[0;32mI (695) spi_flash: flash io: dio[0m
[0;32mI (698) sleep_gpio: Configure to isolate all GPIO pins in sleep state[0m
[0;32mI (704) sleep_gpio: Enable automatic switching of GPIO sleep configuration[0m
[0;32mI (711) main_task: Started on CPU0[0m
[0;32mI (721) esp_psram: Reserving pool of 32K of internal memory for DMA/internal allocations[0m
[0;32mI (721) main_task: Calling app_main()[0m

--- TinyBit Hardware Diagnostic ---
Chip: esp32s3 (rev 0.2), Cores: 2
Flash size: 16 MB (external)
PSRAM size: 8 MB (Detected! ✅)

--- Memory Status ---
Internal RAM free: 389651 bytes
External PSRAM free: 8386308 bytes
Min free heap: 8743928 bytes

Starting TinyBit experiments in 5s...
5...4...3...2...1...0...
Restarting...
ESP-ROM:esp32s3-20210327
Build:Mar 27 2021
rst:0xc (RTC_SW_CPU_RST),boot:0x2b (SPI_FAST_FLASH_BOOT)
Saved PC:0x40379d44
SPIWP:0xee
mode:DIO, clock div:1
load:0x3fce2820,len:0x14f0
load:0x403c8700,len:0xd24
load:0x403cb700,len:0x2ef0
entry 0x403c8924
[0;32mI (24) boot: ESP-IDF v5.5.3 2nd stage bootloader[0m
[0;32mI (24) boot: compile time Mar 12 2026 15:54:24[0m
[0;32mI (24) boot: Multicore bootloader[0m
[0;32mI (25) boot: chip revision: v0.2[0m
[0;32mI (27) boot: efuse block revision: v1.3[0m
[0;32mI (31) boot.esp32s3: Boot SPI Speed : 80MHz[0m
[0;32mI (35) boot.esp32s3: SPI Mode       : DIO[0m
[0;32mI (38) boot.esp32s3: SPI Flash Size : 16MB[0m
[0;32mI (42) boot: Enabling RNG early entropy source...[0m
[0;32mI (47) boot: Partition Table:[0m
[0;32mI (49) boot: ## Label            Usage          Type ST Offset   Length[0m
[0;32mI (56) boot:  0 nvs              WiFi data        01 02 00009000 00006000[0m
[0;32mI (62) boot:  1 phy_init         RF data          01 01 0000f000 00001000[0m
[0;32mI (69) boot:  2 factory          factory app      00 00 00010000 00100000[0m
[0;32mI (75) boot: End of partition table[0m
[0;32mI (78) esp_image: segment 0: paddr=00010020 vaddr=3c010020 size=0796ch ( 31084) map[0m
[0;32mI (91) esp_image: segment 1: paddr=00017994 vaddr=3fc92100 size=03044h ( 12356) load[0m
[0;32mI (96) esp_image: segment 2: paddr=0001a9e0 vaddr=40374000 size=05638h ( 22072) load[0m
[0;32mI (105) esp_image: segment 3: paddr=00020020 vaddr=42000020 size=0f1b0h ( 61872) map[0m
[0;32mI (119) esp_image: segment 4: paddr=0002f1d8 vaddr=40379638 size=089e8h ( 35304) load[0m
[0;32mI (127) esp_image: segment 5: paddr=00037bc8 vaddr=50000000 size=00020h (    32) load[0m
[0;32mI (133) boot: Loaded app from partition at offset 0x10000[0m
[0;32mI (133) boot: Disabling RNG early entropy source...[0m
[0;32mI (145) octal_psram: vendor id    : 0x0d (AP)[0m
[0;32mI (145) octal_psram: dev id       : 0x02 (generation 3)[0m
[0;32mI (145) octal_psram: density      : 0x03 (64 Mbit)[0m
[0;32mI (147) octal_psram: good-die     : 0x01 (Pass)[0m
[0;32mI (152) octal_psram: Latency      : 0x01 (Fixed)[0m
[0;32mI (156) octal_psram: VCC          : 0x01 (3V)[0m
[0;32mI (160) octal_psram: SRF          : 0x01 (Fast Refresh)[0m
[0;32mI (165) octal_psram: BurstType    : 0x01 (Hybrid Wrap)[0m
[0;32mI (170) octal_psram: BurstLen     : 0x01 (32 Byte)[0m
[0;32mI (174) octal_psram: Readlatency  : 0x02 (10 cycles@Fixed)[0m
[0;32mI (179) octal_psram: DriveStrength: 0x00 (1/1)[0m
[0;32mI (184) MSPI Timing: Enter psram timing tuning[0m
[0;32mI (188) esp_psram: Found 8MB PSRAM device[0m
[0;32mI (192) esp_psram: Speed: 80MHz[0m
[0;32mI (195) cpu_start: Multicore app[0m
[0;32mI (610) esp_psram: SPI SRAM memory test OK[0m
[0;32mI (619) cpu_start: GPIO 44 and 43 are used as console UART I/O pins[0m
[0;32mI (620) cpu_start: Pro cpu start user code[0m
[0;32mI (620) cpu_start: cpu freq: 240000000 Hz[0m
[0;32mI (621) app_init: Application information:[0m
[0;32mI (625) app_init: Project name:     hello_world[0m
[0;32mI (629) app_init: App version:      1[0m
[0;32mI (633) app_init: Compile time:     Mar 12 2026 15:56:28[0m
[0;32mI (638) app_init: ELF file SHA256:  22d8eb25d...[0m
[0;32mI (642) app_init: ESP-IDF:          v5.5.3[0m
[0;32mI (646) efuse_init: Min chip rev:     v0.0[0m
[0;32mI (650) efuse_init: Max chip rev:     v0.99 [0m
[0;32mI (654) efuse_init: Chip rev:         v0.2[0m
[0;32mI (658) heap_init: Initializing. RAM available for dynamic allocation:[0m
[0;32mI (664) heap_init: At 3FC95A00 len 00053D10 (335 KiB): RAM[0m
[0;32mI (669) heap_init: At 3FCE9710 len 00005724 (21 KiB): RAM[0m
[0;32mI (674) heap_init: At 3FCF0000 len 00008000 (32 KiB): DRAM[0m
[0;32mI (679) heap_init: At 600FE000 len 00001FE8 (7 KiB): RTCRAM[0m
[0;32mI (685) esp_psram: Adding pool of 8192K of PSRAM memory to heap allocator[0m
[0;32mI (692) spi_flash: detected chip: winbond[0m
[0;32mI (695) spi_flash: flash io: dio[0m
[0;32mI (698) sleep_gpio: Configure to isolate all GPIO pins in sleep state[0m
[0;32mI (704) sleep_gpio: Enable automatic switching of GPIO sleep configuration[0m
[0;32mI (711) main_task: Started on CPU0[0m
[0;32mI (721) esp_psram: Reserving pool of 32K of internal memory for DMA/internal allocations[0m
[0;32mI (721) main_task: Calling app_main()[0m

--- TinyBit Hardware Diagnostic ---
Chip: esp32s3 (rev 0.2), Cores: 2
Flash size: 16 MB (external)
PSRAM size: 8 MB (Detected! ✅)

--- Memory Status ---
Internal RAM free: 389651 bytes
External PSRAM free: 8386308 bytes
Min free heap: 8743928 bytes

Starting TinyBit experiments in 5s...
5...4...3...2...1...0...
Restarting...
ESP-ROM:esp32s3-20210327
Build:Mar 27 2021
rst:0xc (RTC_SW_CPU_RST),boot:0x2b (SPI_FAST_FLASH_BOOT)
Saved PC:0x40379d44
SPIWP:0xee
mode:DIO, clock div:1
load:0x3fce2820,len:0x14f0
load:0x403c8700,len:0xd24
load:0x403cb700,len:0x2ef0
entry 0x403c8924
[0;32mI (24) boot: ESP-IDF v5.5.3 2nd stage bootloader[0m
[0;32mI (24) boot: compile time Mar 12 2026 15:54:24[0m
[0;32mI (24) boot: Multicore bootloader[0m
[0;32mI (25) boot: chip revision: v0.2[0m
[0;32mI (27) boot: efuse block revision: v1.3[0m
[0;32mI (31) boot.esp32s3: Boot SPI Speed : 80MHz[0m
[0;32mI (35) boot.esp32s3: SPI Mode       : DIO[0m
[0;32mI (38) boot.esp32s3: SPI Flash Size : 16MB[0m
[0;32mI (42) boot: Enabling RNG early entropy source...[0m
[0;32mI (47) boot: Partition Table:[0m
[0;32mI (49) boot: ## Label            Usage          Type ST Offset   Length[0m
[0;32mI (56) boot:  0 nvs              WiFi data        01 02 00009000 00006000[0m
[0;32mI (62) boot:  1 phy_init         RF data          01 01 0000f000 00001000[0m
[0;32mI (69) boot:  2 factory          factory app      00 00 00010000 00100000[0m
[0;32mI (75) boot: End of partition table[0m
[0;32mI (78) esp_image: segment 0: paddr=00010020 vaddr=3c010020 size=0796ch ( 31084) map[0m
[0;32mI (91) esp_image: segment 1: paddr=00017994 vaddr=3fc92100 size=03044h ( 12356) load[0m
[0;32mI (96) esp_image: segment 2: paddr=0001a9e0 vaddr=40374000 size=05638h ( 22072) load[0m
[0;32mI (105) esp_image: segment 3: paddr=00020020 vaddr=42000020 size=0f1b0h ( 61872) map[0m
[0;32mI (119) esp_image: segment 4: paddr=0002f1d8 vaddr=40379638 size=089e8h ( 35304) load[0m
[0;32mI (127) esp_image: segment 5: paddr=00037bc8 vaddr=50000000 size=00020h (    32) load[0m
[0;32mI (133) boot: Loaded app from partition at offset 0x10000[0m
[0;32mI (133) boot: Disabling RNG early entropy source...[0m
[0;32mI (145) octal_psram: vendor id    : 0x0d (AP)[0m
[0;32mI (145) octal_psram: dev id       : 0x02 (generation 3)[0m
[0;32mI (145) octal_psram: density      : 0x03 (64 Mbit)[0m
[0;32mI (147) octal_psram: good-die     : 0x01 (Pass)[0m
[0;32mI (152) octal_psram: Latency      : 0x01 (Fixed)[0m
[0;32mI (156) octal_psram: VCC          : 0x01 (3V)[0m
[0;32mI (160) octal_psram: SRF          : 0x01 (Fast Refresh)[0m
[0;32mI (165) octal_psram: BurstType    : 0x01 (Hybrid Wrap)[0m
[0;32mI (170) octal_psram: BurstLen     : 0x01 (32 Byte)[0m
[0;32mI (174) octal_psram: Readlatency  : 0x02 (10 cycles@Fixed)[0m
[0;32mI (179) octal_psram: DriveStrength: 0x00 (1/1)[0m
[0;32mI (184) MSPI Timing: Enter psram timing tuning[0m
[0;32mI (188) esp_psram: Found 8MB PSRAM device[0m
[0;32mI (192) esp_psram: Speed: 80MHz[0m
[0;32mI (195) cpu_start: Multicore app[0m
[0;32mI (610) esp_psram: SPI SRAM memory test OK[0m
[0;32mI (619) cpu_start: GPIO 44 and 43 are used as console UART I/O pins[0m
[0;32mI (620) cpu_start: Pro cpu start user code[0m
[0;32mI (620) cpu_start: cpu freq: 240000000 Hz[0m
[0;32mI (621) app_init: Application information:[0m
[0;32mI (625) app_init: Project name:     hello_world[0m
[0;32mI (629) app_init: App version:      1[0m
[0;32mI (633) app_init: Compile time:     Mar 12 2026 15:56:28[0m
[0;32mI (638) app_init: ELF file SHA256:  22d8eb25d...[0m
[0;32mI (642) app_init: ESP-IDF:          v5.5.3[0m
[0;32mI (646) efuse_init: Min chip rev:     v0.0[0m
[0;32mI (650) efuse_init: Max chip rev:     v0.99 [0m
[0;32mI (654) efuse_init: Chip rev:         v0.2[0m
[0;32mI (658) heap_init: Initializing. RAM available for dynamic allocation:[0m
[0;32mI (664) heap_init: At 3FC95A00 len 00053D10 (335 KiB): RAM[0m
[0;32mI (669) heap_init: At 3FCE9710 len 00005724 (21 KiB): RAM[0m
[0;32mI (674) heap_init: At 3FCF0000 len 00008000 (32 KiB): DRAM[0m
[0;32mI (679) heap_init: At 600FE000 len 00001FE8 (7 KiB): RTCRAM[0m
[0;32mI (685) esp_psram: Adding pool of 8192K of PSRAM memory to heap allocator[0m
[0;32mI (692) spi_flash: detected chip: winbond[0m
[0;32mI (695) spi_flash: flash io: dio[0m
[0;32mI (698) sleep_gpio: Configure to isolate all GPIO pins in sleep state[0m
[0;32mI (704) sleep_gpio: Enable automatic switching of GPIO sleep configuration[0m
[0;32mI (711) main_task: Started on CPU0[0m
[0;32mI (721) esp_psram: Reserving pool of 32K of internal memory for DMA/internal allocations[0m
[0;32mI (721) main_task: Calling app_main()[0m

--- TinyBit Hardware Diagnostic ---
Chip: esp32s3 (rev 0.2), Cores: 2
Flash size: 16 MB (external)
PSRAM size: 8 MB (Detected! ✅)

--- Memory Status ---
Internal RAM free: 389651 bytes
External PSRAM free: 8386308 bytes
Min free heap: 8743928 bytes

Starting TinyBit experiments in 5s...
5...4...3...2...1...0...
Restarting...
ESP-ROM:esp32s3-20210327
Build:Mar 27 2021
rst:0xc (RTC_SW_CPU_RST),boot:0x2b (SPI_FAST_FLASH_BOOT)
Saved PC:0x40379d44
SPIWP:0xee
mode:DIO, clock div:1
load:0x3fce2820,len:0x14f0
load:0x403c8700,len:0xd24
load:0x403cb700,len:0x2ef0
entry 0x403c8924
[0;32mI (24) boot: ESP-IDF v5.5.3 2nd stage bootloader[0m
[0;32mI (24) boot: compile time Mar 12 2026 15:54:24[0m
[0;32mI (24) boot: Multicore bootloader[0m
[0;32mI (25) boot: chip revision: v0.2[0m
[0;32mI (27) boot: efuse block revision: v1.3[0m
[0;32mI (31) boot.esp32s3: Boot SPI Speed : 80MHz[0m
[0;32mI (35) boot.esp32s3: SPI Mode       : DIO[0m
[0;32mI (38) boot.esp32s3: SPI Flash Size : 16MB[0m
[0;32mI (42) boot: Enabling RNG early entropy source...[0m
[0;32mI (47) boot: Partition Table:[0m
[0;32mI (49) boot: ## Label            Usage          Type ST Offset   Length[0m
[0;32mI (56) boot:  0 nvs              WiFi data        01 02 00009000 00006000[0m
[0;32mI (62) boot:  1 phy_init         RF data          01 01 0000f000 00001000[0m
[0;32mI (69) boot:  2 factory          factory app      00 00 00010000 00100000[0m
[0;32mI (75) boot: End of partition table[0m
[0;32mI (78) esp_image: segment 0: paddr=00010020 vaddr=3c010020 size=0796ch ( 31084) map[0m
[0;32mI (91) esp_image: segment 1: paddr=00017994 vaddr=3fc92100 size=03044h ( 12356) load[0m
[0;32mI (96) esp_image: segment 2: paddr=0001a9e0 vaddr=40374000 size=05638h ( 22072) load[0m
[0;32mI (105) esp_image: segment 3: paddr=00020020 vaddr=42000020 size=0f1b0h ( 61872) map[0m
[0;32mI (119) esp_image: segment 4: paddr=0002f1d8 vaddr=40379638 size=089e8h ( 35304) load[0m
[0;32mI (127) esp_image: segment 5: paddr=00037bc8 vaddr=50000000 size=00020h (    32) load[0m
[0;32mI (133) boot: Loaded app from partition at offset 0x10000[0m
[0;32mI (133) boot: Disabling RNG early entropy source...[0m
[0;32mI (145) octal_psram: vendor id    : 0x0d (AP)[0m
[0;32mI (145) octal_psram: dev id       : 0x02 (generation 3)[0m
[0;32mI (145) octal_psram: density      : 0x03 (64 Mbit)[0m
[0;32mI (147) octal_psram: good-die     : 0x01 (Pass)[0m
[0;32mI (152) octal_psram: Latency      : 0x01 (Fixed)[0m
[0;32mI (156) octal_psram: VCC          : 0x01 (3V)[0m
[0;32mI (160) octal_psram: SRF          : 0x01 (Fast Refresh)[0m
[0;32mI (165) octal_psram: BurstType    : 0x01 (Hybrid Wrap)[0m
[0;32mI (170) octal_psram: BurstLen     : 0x01 (32 Byte)[0m
[0;32mI (174) octal_psram: Readlatency  : 0x02 (10 cycles@Fixed)[0m
[0;32mI (179) octal_psram: DriveStrength: 0x00 (1/1)[0m
[0;32mI (184) MSPI Timing: Enter psram timing tuning[0m
[0;32mI (188) esp_psram: Found 8MB PSRAM device[0m
[0;32mI (192) esp_psram: Speed: 80MHz[0m
[0;32mI (195) cpu_start: Multicore app[0m
[0;32mI (610) esp_psram: SPI SRAM memory test OK[0m
[0;32mI (619) cpu_start: GPIO 44 and 43 are used as console UART I/O pins[0m
[0;32mI (620) cpu_start: Pro cpu start user code[0m
[0;32mI (620) cpu_start: cpu freq: 240000000 Hz[0m
[0;32mI (621) app_init: Application information:[0m
[0;32mI (625) app_init: Project name:     hello_world[0m
[0;32mI (629) app_init: App version:      1[0m
[0;32mI (633) app_init: Compile time:     Mar 12 2026 15:56:28[0m
[0;32mI (638) app_init: ELF file SHA256:  22d8eb25d...[0m
[0;32mI (642) app_init: ESP-IDF:          v5.5.3[0m
[0;32mI (646) efuse_init: Min chip rev:     v0.0[0m
[0;32mI (650) efuse_init: Max chip rev:     v0.99 [0m
[0;32mI (654) efuse_init: Chip rev:         v0.2[0m
[0;32mI (658) heap_init: Initializing. RAM available for dynamic allocation:[0m
[0;32mI (664) heap_init: At 3FC95A00 len 00053D10 (335 KiB): RAM[0m
[0;32mI (669) heap_init: At 3FCE9710 len 00005724 (21 KiB): RAM[0m
[0;32mI (674) heap_init: At 3FCF0000 len 00008000 (32 KiB): DRAM[0m
[0;32mI (679) heap_init: At 600FE000 len 00001FE8 (7 KiB): RTCRAM[0m
[0;32mI (685) esp_psram: Adding pool of 8192K of PSRAM memory to heap allocator[0m
[0;32mI (692) spi_flash: detected chip: winbond[0m
[0;32mI (695) spi_flash: flash io: dio[0m
[0;32mI (698) sleep_gpio: Configure to isolate all GPIO pins in sleep state[0m
[0;32mI (704) sleep_gpio: Enable automatic switching of GPIO sleep configuration[0m
[0;32mI (711) main_task: Started on CPU0[0m
[0;32mI (721) esp_psram: Reserving pool of 32K of internal memory for DMA/internal allocations[0m
[0;32mI (721) main_task: Calling app_main()[0m

--- TinyBit Hardware Diagnostic ---
Chip: esp32s3 (rev 0.2), Cores: 2
Flash size: 16 MB (external)
PSRAM size: 8 MB (Detected! ✅)

--- Memory Status ---
Internal RAM free: 389651 bytes
External PSRAM free: 8386308 bytes
Min free heap: 8743928 bytes

Starting TinyBit experiments in 5s...
5...4...3...2...1...0...
Restarting...
ESP-ROM:esp32s3-20210327
Build:Mar 27 2021
rst:0xc (RTC_SW_CPU_RST),boot:0x2b (SPI_FAST_FLASH_BOOT)
Saved PC:0x40379d44
SPIWP:0xee
mode:DIO, clock div:1
load:0x3fce2820,len:0x14f0
load:0x403c8700,len:0xd24
load:0x403cb700,len:0x2ef0
entry 0x403c8924
[0;32mI (24) boot: ESP-IDF v5.5.3 2nd stage bootloader[0m
[0;32mI (24) boot: compile time Mar 12 2026 15:54:24[0m
[0;32mI (24) boot: Multicore bootloader[0m
[0;32mI (25) boot: chip revision: v0.2[0m
[0;32mI (27) boot: efuse block revision: v1.3[0m
[0;32mI (31) boot.esp32s3: Boot SPI Speed : 80MHz[0m
[0;32mI (35) boot.esp32s3: SPI Mode       : DIO[0m
[0;32mI (38) boot.esp32s3: SPI Flash Size : 16MB[0m
[0;32mI (42) boot: Enabling RNG early entropy source...[0m
[0;32mI (47) boot: Partition Table:[0m
[0;32mI (49) boot: ## Label            Usage          Type ST Offset   Length[0m
[0;32mI (56) boot:  0 nvs              WiFi data        01 02 00009000 00006000[0m
[0;32mI (62) boot:  1 phy_init         RF data          01 01 0000f000 00001000[0m
[0;32mI (69) boot:  2 factory          factory app      00 00 00010000 00100000[0m
[0;32mI (75) boot: End of partition table[0m
[0;32mI (78) esp_image: segment 0: paddr=00010020 vaddr=3c010020 size=0796ch ( 31084) map[0m
[0;32mI (91) esp_image: segment 1: paddr=00017994 vaddr=3fc92100 size=03044h ( 12356) load[0m
[0;32mI (96) esp_image: segment 2: paddr=0001a9e0 vaddr=40374000 size=05638h ( 22072) load[0m
[0;32mI (105) esp_image: segment 3: paddr=00020020 vaddr=42000020 size=0f1b0h ( 61872) map[0m
[0;32mI (119) esp_image: segment 4: paddr=0002f1d8 vaddr=40379638 size=089e8h ( 35304) load[0m
[0;32mI (127) esp_image: segment 5: paddr=00037bc8 vaddr=50000000 size=00020h (    32) load[0m
[0;32mI (133) boot: Loaded app from partition at offset 0x10000[0m
[0;32mI (133) boot: Disabling RNG early entropy source...[0m
[0;32mI (145) octal_psram: vendor id    : 0x0d (AP)[0m
[0;32mI (145) octal_psram: dev id       : 0x02 (generation 3)[0m
[0;32mI (145) octal_psram: density      : 0x03 (64 Mbit)[0m
[0;32mI (147) octal_psram: good-die     : 0x01 (Pass)[0m
[0;32mI (152) octal_psram: Latency      : 0x01 (Fixed)[0m
[0;32mI (156) octal_psram: VCC          : 0x01 (3V)[0m
[0;32mI (160) octal_psram: SRF          : 0x01 (Fast Refresh)[0m
[0;32mI (165) octal_psram: BurstType    : 0x01 (Hybrid Wrap)[0m
[0;32mI (170) octal_psram: BurstLen     : 0x01 (32 Byte)[0m
[0;32mI (174) octal_psram: Readlatency  : 0x02 (10 cycles@Fixed)[0m
[0;32mI (179) octal_psram: DriveStrength: 0x00 (1/1)[0m
[0;32mI (184) MSPI Timing: Enter psram timing tuning[0m
[0;32mI (188) esp_psram: Found 8MB PSRAM device[0m
[0;32mI (192) esp_psram: Speed: 80MHz[0m
[0;32mI (195) cpu_start: Multicore app[0m
[0;32mI (610) esp_psram: SPI SRAM memory test OK[0m
[0;32mI (619) cpu_start: GPIO 44 and 43 are used as console UART I/O pins[0m
[0;32mI (620) cpu_start: Pro cpu start user code[0m
[0;32mI (620) cpu_start: cpu freq: 240000000 Hz[0m
[0;32mI (621) app_init: Application information:[0m
[0;32mI (625) app_init: Project name:     hello_world[0m
[0;32mI (629) app_init: App version:      1[0m
[0;32mI (633) app_init: Compile time:     Mar 12 2026 15:56:28[0m
[0;32mI (638) app_init: ELF file SHA256:  22d8eb25d...[0m
[0;32mI (642) app_init: ESP-IDF:          v5.5.3[0m
[0;32mI (646) efuse_init: Min chip rev:     v0.0[0m
[0;32mI (650) efuse_init: Max chip rev:     v0.99 [0m
[0;32mI (654) efuse_init: Chip rev:         v0.2[0m
[0;32mI (658) heap_init: Initializing. RAM available for dynamic allocation:[0m
[0;32mI (664) heap_init: At 3FC95A00 len 00053D10 (335 KiB): RAM[0m
[0;32mI (669) heap_init: At 3FCE9710 len 00005724 (21 KiB): RAM[0m
[0;32mI (674) heap_init: At 3FCF0000 len 00008000 (32 KiB): DRAM[0m
[0;32mI (679) heap_init: At 600FE000 len 00001FE8 (7 KiB): RTCRAM[0m
[0;32mI (685) esp_psram: Adding pool of 8192K of PSRAM memory to heap allocator[0m
[0;32mI (692) spi_flash: detected chip: winbond[0m
[0;32mI (695) spi_flash: flash io: dio[0m
[0;32mI (698) sleep_gpio: Configure to isolate all GPIO pins in sleep state[0m
[0;32mI (704) sleep_gpio: Enable automatic switching of GPIO sleep configuration[0m
[0;32mI (711) main_task: Started on CPU0[0m
[0;32mI (721) esp_psram: Reserving pool of 32K of internal memory for DMA/internal allocations[0m
[0;32mI (721) main_task: Calling app_main()[0m

--- TinyBit Hardware Diagnostic ---
Chip: esp32s3 (rev 0.2), Cores: 2
Flash size: 16 MB (external)
PSRAM size: 8 MB (Detected! ✅)

--- Memory Status ---
Internal RAM free: 389651 bytes
External PSRAM free: 8386308 bytes
Min free heap: 8743928 bytes

Starting TinyBit experiments in 5s...
5...4...3...2...1...0...
Restarting...
ESP-ROM:esp32s3-20210327
Build:Mar 27 2021
rst:0xc (RTC_SW_CPU_RST),boot:0x2b (SPI_FAST_FLASH_BOOT)
Saved PC:0x40379d44
SPIWP:0xee
mode:DIO, clock div:1
load:0x3fce2820,len:0x14f0
load:0x403c8700,len:0xd24
load:0x403cb700,len:0x2ef0
entry 0x403c8924
[0;32mI (24) boot: ESP-IDF v5.5.3 2nd stage bootloader[0m
[0;32mI (24) boot: compile time Mar 12 2026 15:54:24[0m
[0;32mI (24) boot: Multicore bootloader[0m
[0;32mI (25) boot: chip revision: v0.2[0m
[0;32mI (27) boot: efuse block revision: v1.3[0m
[0;32mI (31) boot.esp32s3: Boot SPI Speed : 80MHz[0m
[0;32mI (35) boot.esp32s3: SPI Mode       : DIO[0m
[0;32mI (38) boot.esp32s3: SPI Flash Size : 16MB[0m
[0;32mI (42) boot: Enabling RNG early entropy source...[0m
[0;32mI (47) boot: Partition Table:[0m
[0;32mI (49) boot: ## Label            Usage          Type ST Offset   Length[0m
[0;32mI (56) boot:  0 nvs              WiFi data        01 02 00009000 00006000[0m
[0;32mI (62) boot:  1 phy_init         RF data          01 01 0000f000 00001000[0m
[0;32mI (69) boot:  2 factory          factory app      00 00 00010000 00100000[0m
[0;32mI (75) boot: End of partition table[0m
[0;32mI (78) esp_image: segment 0: paddr=00010020 vaddr=3c010020 size=0796ch ( 31084) map[0m
[0;32mI (91) esp_image: segment 1: paddr=00017994 vaddr=3fc92100 size=03044h ( 12356) load[0m
[0;32mI (96) esp_image: segment 2: paddr=0001a9e0 vaddr=40374000 size=05638h ( 22072) load[0m
[0;32mI (105) esp_image: segment 3: paddr=00020020 vaddr=42000020 size=0f1b0h ( 61872) map[0m
[0;32mI (119) esp_image: segment 4: paddr=0002f1d8 vaddr=40379638 size=089e8h ( 35304) load[0m
[0;32mI (127) esp_image: segment 5: paddr=00037bc8 vaddr=50000000 size=00020h (    32) load[0m
[0;32mI (133) boot: Loaded app from partition at offset 0x10000[0m
[0;32mI (133) boot: Disabling RNG early entropy source...[0m
[0;32mI (145) octal_psram: vendor id    : 0x0d (AP)[0m
[0;32mI (145) octal_psram: dev id       : 0x02 (generation 3)[0m
[0;32mI (145) octal_psram: density      : 0x03 (64 Mbit)[0m
[0;32mI (147) octal_psram: good-die     : 0x01 (Pass)[0m
[0;32mI (152) octal_psram: Latency      : 0x01 (Fixed)[0m
[0;32mI (156) octal_psram: VCC          : 0x01 (3V)[0m
[0;32mI (160) octal_psram: SRF          : 0x01 (Fast Refresh)[0m
[0;32mI (165) octal_psram: BurstType    : 0x01 (Hybrid Wrap)[0m
[0;32mI (170) octal_psram: BurstLen     : 0x01 (32 Byte)[0m
[0;32mI (174) octal_psram: Readlatency  : 0x02 (10 cycles@Fixed)[0m
[0;32mI (179) octal_psram: DriveStrength: 0x00 (1/1)[0m
[0;32mI (184) MSPI Timing: Enter psram timing tuning[0m
[0;32mI (188) esp_psram: Found 8MB PSRAM device[0m
[0;32mI (192) esp_psram: Speed: 80MHz[0m
[0;32mI (195) cpu_start: Multicore app[0m
[0;32mI (610) esp_psram: SPI SRAM memory test OK[0m
[0;32mI (619) cpu_start: GPIO 44 and 43 are used as console UART I/O pins[0m
[0;32mI (620) cpu_start: Pro cpu start user code[0m
[0;32mI (620) cpu_start: cpu freq: 240000000 Hz[0m
[0;32mI (621) app_init: Application information:[0m
[0;32mI (625) app_init: Project name:     hello_world[0m
[0;32mI (629) app_init: App version:      1[0m
[0;32mI (633) app_init: Compile time:     Mar 12 2026 15:56:28[0m
[0;32mI (638) app_init: ELF file SHA256:  22d8eb25d...[0m
[0;32mI (642) app_init: ESP-IDF:          v5.5.3[0m
[0;32mI (646) efuse_init: Min chip rev:     v0.0[0m
[0;32mI (650) efuse_init: Max chip rev:     v0.99 [0m
[0;32mI (654) efuse_init: Chip rev:         v0.2[0m
[0;32mI (658) heap_init: Initializing. RAM available for dynamic allocation:[0m
[0;32mI (664) heap_init: At 3FC95A00 len 00053D10 (335 KiB): RAM[0m
[0;32mI (669) heap_init: At 3FCE9710 len 00005724 (21 KiB): RAM[0m
[0;32mI (674) heap_init: At 3FCF0000 len 00008000 (32 KiB): DRAM[0m
[0;32mI (679) heap_init: At 600FE000 len 00001FE8 (7 KiB): RTCRAM[0m
[0;32mI (685) esp_psram: Adding pool of 8192K of PSRAM memory to heap allocator[0m
[0;32mI (692) spi_flash: detected chip: winbond[0m
[0;32mI (695) spi_flash: flash io: dio[0m
[0;32mI (698) sleep_gpio: Configure to isolate all GPIO pins in sleep state[0m
[0;32mI (704) sleep_gpio: Enable automatic switching of GPIO sleep configuration[0m
[0;32mI (711) main_task: Started on CPU0[0m
[0;32mI (721) esp_psram: Reserving pool of 32K of internal memory for DMA/internal allocations[0m
[0;32mI (721) main_task: Calling app_main()[0m

--- TinyBit Hardware Diagnostic ---
Chip: esp32s3 (rev 0.2), Cores: 2
Flash size: 16 MB (external)
PSRAM size: 8 MB (Detected! ✅)

--- Memory Status ---
Internal RAM free: 389651 bytes
External PSRAM free: 8386308 bytes
Min free heap: 8743928 bytes

Starting TinyBit experiments in 5s...
5...4...3...2...1...0...
Restarting...
ESP-ROM:esp32s3-20210327
Build:Mar 27 2021
rst:0xc (RTC_SW_CPU_RST),boot:0x2b (SPI_FAST_FLASH_BOOT)
Saved PC:0x40379d44
SPIWP:0xee
mode:DIO, clock div:1
load:0x3fce2820,len:0x14f0
load:0x403c8700,len:0xd24
load:0x403cb700,len:0x2ef0
entry 0x403c8924
[0;32mI (24) boot: ESP-IDF v5.5.3 2nd stage bootloader[0m
[0;32mI (24) boot: compile time Mar 12 2026 15:54:24[0m
[0;32mI (24) boot: Multicore bootloader[0m
[0;32mI (25) boot: chip revision: v0.2[0m
[0;32mI (27) boot: efuse block revision: v1.3[0m
[0;32mI (31) boot.esp32s3: Boot SPI Speed : 80MHz[0m
[0;32mI (35) boot.esp32s3: SPI Mode       : DIO[0m
[0;32mI (38) boot.esp32s3: SPI Flash Size : 16MB[0m
[0;32mI (42) boot: Enabling RNG early entropy source...[0m
[0;32mI (47) boot: Partition Table:[0m
[0;32mI (49) boot: ## Label            Usage          Type ST Offset   Length[0m
[0;32mI (56) boot:  0 nvs              WiFi data        01 02 00009000 00006000[0m
[0;32mI (62) boot:  1 phy_init         RF data          01 01 0000f000 00001000[0m
[0;32mI (69) boot:  2 factory          factory app      00 00 00010000 00100000[0m
[0;32mI (75) boot: End of partition table[0m
[0;32mI (78) esp_image: segment 0: paddr=00010020 vaddr=3c010020 size=0796ch ( 31084) map[0m
[0;32mI (91) esp_image: segment 1: paddr=00017994 vaddr=3fc92100 size=03044h ( 12356) load[0m
[0;32mI (96) esp_image: segment 2: paddr=0001a9e0 vaddr=40374000 size=05638h ( 22072) load[0m
[0;32mI (105) esp_image: segment 3: paddr=00020020 vaddr=42000020 size=0f1b0h ( 61872) map[0m
[0;32mI (119) esp_image: segment 4: paddr=0002f1d8 vaddr=40379638 size=089e8h ( 35304) load[0m
[0;32mI (127) esp_image: segment 5: paddr=00037bc8 vaddr=50000000 size=00020h (    32) load[0m
[0;32mI (133) boot: Loaded app from partition at offset 0x10000[0m
[0;32mI (133) boot: Disabling RNG early entropy source...[0m
[0;32mI (145) octal_psram: vendor id    : 0x0d (AP)[0m
[0;32mI (145) octal_psram: dev id       : 0x02 (generation 3)[0m
[0;32mI (145) octal_psram: density      : 0x03 (64 Mbit)[0m
[0;32mI (147) octal_psram: good-die     : 0x01 (Pass)[0m
[0;32mI (152) octal_psram: Latency      : 0x01 (Fixed)[0m
[0;32mI (156) octal_psram: VCC          : 0x01 (3V)[0m
[0;32mI (160) octal_psram: SRF          : 0x01 (Fast Refresh)[0m
[0;32mI (165) octal_psram: BurstType    : 0x01 (Hybrid Wrap)[0m
[0;32mI (170) octal_psram: BurstLen     : 0x01 (32 Byte)[0m
[0;32mI (174) octal_psram: Readlatency  : 0x02 (10 cycles@Fixed)[0m
[0;32mI (179) octal_psram: DriveStrength: 0x00 (1/1)[0m
[0;32mI (184) MSPI Timing: Enter psram timing tuning[0m
[0;32mI (188) esp_psram: Found 8MB PSRAM device[0m
[0;32mI (192) esp_psram: Speed: 80MHz[0m
[0;32mI (195) cpu_start: Multicore app[0m
[0;32mI (610) esp_psram: SPI SRAM memory test OK[0m
[0;32mI (619) cpu_start: GPIO 44 and 43 are used as console UART I/O pins[0m
[0;32mI (620) cpu_start: Pro cpu start user code[0m
[0;32mI (620) cpu_start: cpu freq: 240000000 Hz[0m
[0;32mI (621) app_init: Application information:[0m
[0;32mI (625) app_init: Project name:     hello_world[0m
[0;32mI (629) app_init: App version:      1[0m
[0;32mI (633) app_init: Compile time:     Mar 12 2026 15:56:28[0m
[0;32mI (638) app_init: ELF file SHA256:  22d8eb25d...[0m
[0;32mI (642) app_init: ESP-IDF:          v5.5.3[0m
[0;32mI (646) efuse_init: Min chip rev:     v0.0[0m
[0;32mI (650) efuse_init: Max chip rev:     v0.99 [0m
[0;32mI (654) efuse_init: Chip rev:         v0.2[0m
[0;32mI (658) heap_init: Initializing. RAM available for dynamic allocation:[0m
[0;32mI (664) heap_init: At 3FC95A00 len 00053D10 (335 KiB): RAM[0m
[0;32mI (669) heap_init: At 3FCE9710 len 00005724 (21 KiB): RAM[0m
[0;32mI (674) heap_init: At 3FCF0000 len 00008000 (32 KiB): DRAM[0m
[0;32mI (679) heap_init: At 600FE000 len 00001FE8 (7 KiB): RTCRAM[0m
[0;32mI (685) esp_psram: Adding pool of 8192K of PSRAM memory to heap allocator[0m
[0;32mI (692) spi_flash: detected chip: winbond[0m
[0;32mI (695) spi_flash: flash io: dio[0m
[0;32mI (698) sleep_gpio: Configure to isolate all GPIO pins in sleep state[0m
[0;32mI (704) sleep_gpio: Enable automatic switching of GPIO sleep configuration[0m
[0;32mI (711) main_task: Started on CPU0[0m
[0;32mI (721) esp_psram: Reserving pool of 32K of internal memory for DMA/internal allocations[0m
[0;32mI (721) main_task: Calling app_main()[0m

--- TinyBit Hardware Diagnostic ---
Chip: esp32s3 (rev 0.2), Cores: 2
Flash size: 16 MB (external)
PSRAM size: 8 MB (Detected! ✅)

--- Memory Status ---
Internal RAM free: 389651 bytes
External PSRAM free: 8386308 bytes
Min free heap: 8743928 bytes

Starting TinyBit experiments in 5s...
5...4...3...2...1...0...
Restarting...
ESP-ROM:esp32s3-20210327
Build:Mar 27 2021
rst:0xc (RTC_SW_CPU_RST),boot:0x2b (SPI_FAST_FLASH_BOOT)
Saved PC:0x40379d44
SPIWP:0xee
mode:DIO, clock div:1
load:0x3fce2820,len:0x14f0
load:0x403c8700,len:0xd24
load:0x403cb700,len:0x2ef0
entry 0x403c8924
[0;32mI (24) boot: ESP-IDF v5.5.3 2nd stage bootloader[0m
[0;32mI (24) boot: compile time Mar 12 2026 15:54:24[0m
[0;32mI (24) boot: Multicore bootloader[0m
[0;32mI (25) boot: chip revision: v0.2[0m
[0;32mI (27) boot: efuse block revision: v1.3[0m
[0;32mI (31) boot.esp32s3: Boot SPI Speed : 80MHz[0m
[0;32mI (35) boot.esp32s3: SPI Mode       : DIO[0m
[0;32mI (38) boot.esp32s3: SPI Flash Size : 16MB[0m
[0;32mI (42) boot: Enabling RNG early entropy source...[0m
[0;32mI (47) boot: Partition Table:[0m
[0;32mI (49) boot: ## Label            Usage          Type ST Offset   Length[0m
[0;32mI (56) boot:  0 nvs              WiFi data        01 02 00009000 00006000[0m
[0;32mI (62) boot:  1 phy_init         RF data          01 01 0000f000 00001000[0m
[0;32mI (69) boot:  2 factory          factory app      00 00 00010000 00100000[0m
[0;32mI (75) boot: End of partition table[0m
[0;32mI (78) esp_image: segment 0: paddr=00010020 vaddr=3c010020 size=0796ch ( 31084) map[0m
[0;32mI (91) esp_image: segment 1: paddr=00017994 vaddr=3fc92100 size=03044h ( 12356) load[0m
[0;32mI (96) esp_image: segment 2: paddr=0001a9e0 vaddr=40374000 size=05638h ( 22072) load[0m
[0;32mI (105) esp_image: segment 3: paddr=00020020 vaddr=42000020 size=0f1b0h ( 61872) map[0m
[0;32mI (119) esp_image: segment 4: paddr=0002f1d8 vaddr=40379638 size=089e8h ( 35304) load[0m
[0;32mI (127) esp_image: segment 5: paddr=00037bc8 vaddr=50000000 size=00020h (    32) load[0m
[0;32mI (133) boot: Loaded app from partition at offset 0x10000[0m
[0;32mI (133) boot: Disabling RNG early entropy source...[0m
[0;32mI (145) octal_psram: vendor id    : 0x0d (AP)[0m
[0;32mI (145) octal_psram: dev id       : 0x02 (generation 3)[0m
[0;32mI (145) octal_psram: density      : 0x03 (64 Mbit)[0m
[0;32mI (147) octal_psram: good-die     : 0x01 (Pass)[0m
[0;32mI (152) octal_psram: Latency      : 0x01 (Fixed)[0m
[0;32mI (156) octal_psram: VCC          : 0x01 (3V)[0m
[0;32mI (160) octal_psram: SRF          : 0x01 (Fast Refresh)[0m
[0;32mI (165) octal_psram: BurstType    : 0x01 (Hybrid Wrap)[0m
[0;32mI (170) octal_psram: BurstLen     : 0x01 (32 Byte)[0m
[0;32mI (174) octal_psram: Readlatency  : 0x02 (10 cycles@Fixed)[0m
[0;32mI (179) octal_psram: DriveStrength: 0x00 (1/1)[0m
[0;32mI (184) MSPI Timing: Enter psram timing tuning[0m
[0;32mI (188) esp_psram: Found 8MB PSRAM device[0m
[0;32mI (192) esp_psram: Speed: 80MHz[0m
[0;32mI (195) cpu_start: Multicore app[0m
[0;32mI (610) esp_psram: SPI SRAM memory test OK[0m
[0;32mI (619) cpu_start: GPIO 44 and 43 are used as console UART I/O pins[0m
[0;32mI (620) cpu_start: Pro cpu start user code[0m
[0;32mI (620) cpu_start: cpu freq: 240000000 Hz[0m
[0;32mI (621) app_init: Application information:[0m
[0;32mI (625) app_init: Project name:     hello_world[0m
[0;32mI (629) app_init: App version:      1[0m
[0;32mI (633) app_init: Compile time:     Mar 12 2026 15:56:28[0m
[0;32mI (638) app_init: ELF file SHA256:  22d8eb25d...[0m
[0;32mI (642) app_init: ESP-IDF:          v5.5.3[0m
[0;32mI (646) efuse_init: Min chip rev:     v0.0[0m
[0;32mI (650) efuse_init: Max chip rev:     v0.99 [0m
[0;32mI (654) efuse_init: Chip rev:         v0.2[0m
[0;32mI (658) heap_init: Initializing. RAM available for dynamic allocation:[0m
[0;32mI (664) heap_init: At 3FC95A00 len 00053D10 (335 KiB): RAM[0m
[0;32mI (669) heap_init: At 3FCE9710 len 00005724 (21 KiB): RAM[0m
[0;32mI (674) heap_init: At 3FCF0000 len 00008000 (32 KiB): DRAM[0m
[0;32mI (679) heap_init: At 600FE000 len 00001FE8 (7 KiB): RTCRAM[0m
[0;32mI (685) esp_psram: Adding pool of 8192K of PSRAM memory to heap allocator[0m
[0;32mI (692) spi_flash: detected chip: winbond[0m
[0;32mI (695) spi_flash: flash io: dio[0m
[0;32mI (698) sleep_gpio: Configure to isolate all GPIO pins in sleep state[0m
[0;32mI (704) sleep_gpio: Enable automatic switching of GPIO sleep configuration[0m
[0;32mI (711) main_task: Started on CPU0[0m
[0;32mI (721) esp_psram: Reserving pool of 32K of internal memory for DMA/internal allocations[0m
[0;32mI (721) main_task: Calling app_main()[0m

--- TinyBit Hardware Diagnostic ---
Chip: esp32s3 (rev 0.2), Cores: 2
Flash size: 16 MB (external)
PSRAM size: 8 MB (Detected! ✅)

--- Memory Status ---
Internal RAM free: 389651 bytes
External PSRAM free: 8386308 bytes
Min free heap: 8743928 bytes

Starting TinyBit experiments in 5s...
5...4...3...2...1...0...
Restarting...
ESP-ROM:esp32s3-20210327
Build:Mar 27 2021
rst:0xc (RTC_SW_CPU_RST),boot:0x2b (SPI_FAST_FLASH_BOOT)
Saved PC:0x40379d44
SPIWP:0xee
mode:DIO, clock div:1
load:0x3fce2820,len:0x14f0
load:0x403c8700,len:0xd24
load:0x403cb700,len:0x2ef0
entry 0x403c8924
[0;32mI (24) boot: ESP-IDF v5.5.3 2nd stage bootloader[0m
[0;32mI (24) boot: compile time Mar 12 2026 15:54:24[0m
[0;32mI (24) boot: Multicore bootloader[0m
[0;32mI (25) boot: chip revision: v0.2[0m
[0;32mI (27) boot: efuse block revision: v1.3[0m
[0;32mI (31) boot.esp32s3: Boot SPI Speed : 80MHz[0m
[0;32mI (35) boot.esp32s3: SPI Mode       : DIO[0m
[0;32mI (38) boot.esp32s3: SPI Flash Size : 16MB[0m
[0;32mI (42) boot: Enabling RNG early entropy source...[0m
[0;32mI (47) boot: Partition Table:[0m
[0;32mI (49) boot: ## Label            Usage          Type ST Offset   Length[0m
[0;32mI (56) boot:  0 nvs              WiFi data        01 02 00009000 00006000[0m
[0;32mI (62) boot:  1 phy_init         RF data          01 01 0000f000 00001000[0m
[0;32mI (69) boot:  2 factory          factory app      00 00 00010000 00100000[0m
[0;32mI (75) boot: End of partition table[0m
[0;32mI (78) esp_image: segment 0: paddr=00010020 vaddr=3c010020 size=0796ch ( 31084) map[0m
[0;32mI (91) esp_image: segment 1: paddr=00017994 vaddr=3fc92100 size=03044h ( 12356) load[0m
[0;32mI (96) esp_image: segment 2: paddr=0001a9e0 vaddr=40374000 size=05638h ( 22072) load[0m
[0;32mI (105) esp_image: segment 3: paddr=00020020 vaddr=42000020 size=0f1b0h ( 61872) map[0m
[0;32mI (119) esp_image: segment 4: paddr=0002f1d8 vaddr=40379638 size=089e8h ( 35304) load[0m
[0;32mI (127) esp_image: segment 5: paddr=00037bc8 vaddr=50000000 size=00020h (    32) load[0m
[0;32mI (133) boot: Loaded app from partition at offset 0x10000[0m
[0;32mI (133) boot: Disabling RNG early entropy source...[0m
[0;32mI (145) octal_psram: vendor id    : 0x0d (AP)[0m
[0;32mI (145) octal_psram: dev id       : 0x02 (generation 3)[0m
[0;32mI (145) octal_psram: density      : 0x03 (64 Mbit)[0m
[0;32mI (147) octal_psram: good-die     : 0x01 (Pass)[0m
[0;32mI (152) octal_psram: Latency      : 0x01 (Fixed)[0m
[0;32mI (156) octal_psram: VCC          : 0x01 (3V)[0m
[0;32mI (160) octal_psram: SRF          : 0x01 (Fast Refresh)[0m
[0;32mI (165) octal_psram: BurstType    : 0x01 (Hybrid Wrap)[0m
[0;32mI (170) octal_psram: BurstLen     : 0x01 (32 Byte)[0m
[0;32mI (174) octal_psram: Readlatency  : 0x02 (10 cycles@Fixed)[0m
[0;32mI (179) octal_psram: DriveStrength: 0x00 (1/1)[0m
[0;32mI (184) MSPI Timing: Enter psram timing tuning[0m
[0;32mI (188) esp_psram: Found 8MB PSRAM device[0m
[0;32mI (192) esp_psram: Speed: 80MHz[0m
[0;32mI (195) cpu_start: Multicore app[0m
[0;32mI (610) esp_psram: SPI SRAM memory test OK[0m
[0;32mI (619) cpu_start: GPIO 44 and 43 are used as console UART I/O pins[0m
[0;32mI (620) cpu_start: Pro cpu start user code[0m
[0;32mI (620) cpu_start: cpu freq: 240000000 Hz[0m
[0;32mI (621) app_init: Application information:[0m
[0;32mI (625) app_init: Project name:     hello_world[0m
[0;32mI (629) app_init: App version:      1[0m
[0;32mI (633) app_init: Compile time:     Mar 12 2026 15:56:28[0m
[0;32mI (638) app_init: ELF file SHA256:  22d8eb25d...[0m
[0;32mI (642) app_init: ESP-IDF:          v5.5.3[0m
[0;32mI (646) efuse_init: Min chip rev:     v0.0[0m
[0;32mI (650) efuse_init: Max chip rev:     v0.99 [0m
[0;32mI (654) efuse_init: Chip rev:         v0.2[0m
[0;32mI (658) heap_init: Initializing. RAM available for dynamic allocation:[0m
[0;32mI (664) heap_init: At 3FC95A00 len 00053D10 (335 KiB): RAM[0m
[0;32mI (669) heap_init: At 3FCE9710 len 00005724 (21 KiB): RAM[0m
[0;32mI (674) heap_init: At 3FCF0000 len 00008000 (32 KiB): DRAM[0m
[0;32mI (679) heap_init: At 600FE000 len 00001FE8 (7 KiB): RTCRAM[0m
[0;32mI (685) esp_psram: Adding pool of 8192K of PSRAM memory to heap allocator[0m
[0;32mI (692) spi_flash: detected chip: winbond[0m
[0;32mI (695) spi_flash: flash io: dio[0m
[0;32mI (698) sleep_gpio: Configure to isolate all GPIO pins in sleep state[0m
[0;32mI (704) sleep_gpio: Enable automatic switching of GPIO sleep configuration[0m
[0;32mI (711) main_task: Started on CPU0[0m
[0;32mI (721) esp_psram: Reserving pool of 32K of internal memory for DMA/internal allocations[0m
[0;32mI (721) main_task: Calling app_main()[0m

--- TinyBit Hardware Diagnostic ---
Chip: esp32s3 (rev 0.2), Cores: 2
Flash size: 16 MB (external)
PSRAM size: 8 MB (Detected! ✅)

--- Memory Status ---
Internal RAM free: 389651 bytes
External PSRAM free: 8386308 bytes
Min free heap: 8743928 bytes

Starting TinyBit experiments in 5s...
5...4...3...2...1...0...
Restarting...
ESP-ROM:esp32s3-20210327
Build:Mar 27 2021
rst:0xc (RTC_SW_CPU_RST),boot:0x2b (SPI_FAST_FLASH_BOOT)
Saved PC:0x40379d44
SPIWP:0xee
mode:DIO, clock div:1
load:0x3fce2820,len:0x14f0
load:0x403c8700,len:0xd24
load:0x403cb700,len:0x2ef0
entry 0x403c8924
[0;32mI (24) boot: ESP-IDF v5.5.3 2nd stage bootloader[0m
[0;32mI (24) boot: compile time Mar 12 2026 15:54:24[0m
[0;32mI (24) boot: Multicore bootloader[0m
[0;32mI (25) boot: chip revision: v0.2[0m
[0;32mI (27) boot: efuse block revision: v1.3[0m
[0;32mI (31) boot.esp32s3: Boot SPI Speed : 80MHz[0m
[0;32mI (35) boot.esp32s3: SPI Mode       : DIO[0m
[0;32mI (38) boot.esp32s3: SPI Flash Size : 16MB[0m
[0;32mI (42) boot: Enabling RNG early entropy source...[0m
[0;32mI (47) boot: Partition Table:[0m
[0;32mI (49) boot: ## Label            Usage          Type ST Offset   Length[0m
[0;32mI (56) boot:  0 nvs              WiFi data        01 02 00009000 00006000[0m
[0;32mI (62) boot:  1 phy_init         RF data          01 01 0000f000 00001000[0m
[0;32mI (69) boot:  2 factory          factory app      00 00 00010000 00100000[0m
[0;32mI (75) boot: End of partition table[0m
[0;32mI (78) esp_image: segment 0: paddr=00010020 vaddr=3c010020 size=0796ch ( 31084) map[0m
[0;32mI (91) esp_image: segment 1: paddr=00017994 vaddr=3fc92100 size=03044h ( 12356) load[0m
[0;32mI (96) esp_image: segment 2: paddr=0001a9e0 vaddr=40374000 size=05638h ( 22072) load[0m
[0;32mI (105) esp_image: segment 3: paddr=00020020 vaddr=42000020 size=0f1b0h ( 61872) map[0m
[0;32mI (119) esp_image: segment 4: paddr=0002f1d8 vaddr=40379638 size=089e8h ( 35304) load[0m
[0;32mI (127) esp_image: segment 5: paddr=00037bc8 vaddr=50000000 size=00020h (    32) load[0m
[0;32mI (133) boot: Loaded app from partition at offset 0x10000[0m
[0;32mI (133) boot: Disabling RNG early entropy source...[0m
[0;32mI (145) octal_psram: vendor id    : 0x0d (AP)[0m
[0;32mI (145) octal_psram: dev id       : 0x02 (generation 3)[0m
[0;32mI (145) octal_psram: density      : 0x03 (64 Mbit)[0m
[0;32mI (147) octal_psram: good-die     : 0x01 (Pass)[0m
[0;32mI (152) octal_psram: Latency      : 0x01 (Fixed)[0m
[0;32mI (156) octal_psram: VCC          : 0x01 (3V)[0m
[0;32mI (160) octal_psram: SRF          : 0x01 (Fast Refresh)[0m
[0;32mI (165) octal_psram: BurstType    : 0x01 (Hybrid Wrap)[0m
[0;32mI (170) octal_psram: BurstLen     : 0x01 (32 Byte)[0m
[0;32mI (174) octal_psram: Readlatency  : 0x02 (10 cycles@Fixed)[0m
[0;32mI (179) octal_psram: DriveStrength: 0x00 (1/1)[0m
[0;32mI (184) MSPI Timing: Enter psram timing tuning[0m
[0;32mI (188) esp_psram: Found 8MB PSRAM device[0m
[0;32mI (192) esp_psram: Speed: 80MHz[0m
[0;32mI (195) cpu_start: Multicore app[0m
[0;32mI (610) esp_psram: SPI SRAM memory test OK[0m
[0;32mI (619) cpu_start: GPIO 44 and 43 are used as console UART I/O pins[0m
[0;32mI (620) cpu_start: Pro cpu start user code[0m
[0;32mI (620) cpu_start: cpu freq: 240000000 Hz[0m
[0;32mI (621) app_init: Application information:[0m
[0;32mI (625) app_init: Project name:     hello_world[0m
[0;32mI (629) app_init: App version:      1[0m
[0;32mI (633) app_init: Compile time:     Mar 12 2026 15:56:28[0m
[0;32mI (638) app_init: ELF file SHA256:  22d8eb25d...[0m
[0;32mI (642) app_init: ESP-IDF:          v5.5.3[0m
[0;32mI (646) efuse_init: Min chip rev:     v0.0[0m
[0;32mI (650) efuse_init: Max chip rev:     v0.99 [0m
[0;32mI (654) efuse_init: Chip rev:         v0.2[0m
[0;32mI (658) heap_init: Initializing. RAM available for dynamic allocation:[0m
[0;32mI (664) heap_init: At 3FC95A00 len 00053D10 (335 KiB): RAM[0m
[0;32mI (669) heap_init: At 3FCE9710 len 00005724 (21 KiB): RAM[0m
[0;32mI (674) heap_init: At 3FCF0000 len 00008000 (32 KiB): DRAM[0m
[0;32mI (679) heap_init: At 600FE000 len 00001FE8 (7 KiB): RTCRAM[0m
[0;32mI (685) esp_psram: Adding pool of 8192K of PSRAM memory to heap allocator[0m
[0;32mI (692) spi_flash: detected chip: winbond[0m
[0;32mI (695) spi_flash: flash io: dio[0m
[0;32mI (698) sleep_gpio: Configure to isolate all GPIO pins in sleep state[0m
[0;32mI (704) sleep_gpio: Enable automatic switching of GPIO sleep configuration[0m
[0;32mI (711) main_task: Started on CPU0[0m
[0;32mI (721) esp_psram: Reserving pool of 32K of internal memory for DMA/internal allocations[0m
[0;32mI (721) main_task: Calling app_main()[0m

--- TinyBit Hardware Diagnostic ---
Chip: esp32s3 (rev 0.2), Cores: 2
Flash size: 16 MB (external)
PSRAM size: 8 MB (Detected! ✅)

--- Memory Status ---
Internal RAM free: 389651 bytes
External PSRAM free: 8386308 bytes
Min free heap: 8743928 bytes

Starting TinyBit experiments in 5s...
5...4...3...2...1...0...
Restarting...
ESP-ROM:esp32s3-20210327
Build:Mar 27 2021
rst:0xc (RTC_SW_CPU_RST),boot:0x2b (SPI_FAST_FLASH_BOOT)
Saved PC:0x40379d44
SPIWP:0xee
mode:DIO, clock div:1
load:0x3fce2820,len:0x14f0
load:0x403c8700,len:0xd24
load:0x403cb700,len:0x2ef0
entry 0x403c8924
[0;32mI (24) boot: ESP-IDF v5.5.3 2nd stage bootloader[0m
[0;32mI (24) boot: compile time Mar 12 2026 15:54:24[0m
[0;32mI (24) boot: Multicore bootloader[0m
[0;32mI (25) boot: chip revision: v0.2[0m
[0;32mI (27) boot: efuse block revision: v1.3[0m
[0;32mI (31) boot.esp32s3: Boot SPI Speed : 80MHz[0m
[0;32mI (35) boot.esp32s3: SPI Mode       : DIO[0m
[0;32mI (38) boot.esp32s3: SPI Flash Size : 16MB[0m
[0;32mI (42) boot: Enabling RNG early entropy source...[0m
[0;32mI (47) boot: Partition Table:[0m
[0;32mI (49) boot: ## Label            Usage          Type ST Offset   Length[0m
[0;32mI (56) boot:  0 nvs              WiFi data        01 02 00009000 00006000[0m
[0;32mI (62) boot:  1 phy_init         RF data          01 01 0000f000 00001000[0m
[0;32mI (69) boot:  2 factory          factory app      00 00 00010000 00100000[0m
[0;32mI (75) boot: End of partition table[0m
[0;32mI (78) esp_image: segment 0: paddr=00010020 vaddr=3c010020 size=0796ch ( 31084) map[0m
[0;32mI (91) esp_image: segment 1: paddr=00017994 vaddr=3fc92100 size=03044h ( 12356) load[0m
[0;32mI (96) esp_image: segment 2: paddr=0001a9e0 vaddr=40374000 size=05638h ( 22072) load[0m
[0;32mI (105) esp_image: segment 3: paddr=00020020 vaddr=42000020 size=0f1b0h ( 61872) map[0m
[0;32mI (119) esp_image: segment 4: paddr=0002f1d8 vaddr=40379638 size=089e8h ( 35304) load[0m
[0;32mI (127) esp_image: segment 5: paddr=00037bc8 vaddr=50000000 size=00020h (    32) load[0m
[0;32mI (133) boot: Loaded app from partition at offset 0x10000[0m
[0;32mI (133) boot: Disabling RNG early entropy source...[0m
[0;32mI (145) octal_psram: vendor id    : 0x0d (AP)[0m
[0;32mI (145) octal_psram: dev id       : 0x02 (generation 3)[0m
[0;32mI (145) octal_psram: density      : 0x03 (64 Mbit)[0m
[0;32mI (147) octal_psram: good-die     : 0x01 (Pass)[0m
[0;32mI (152) octal_psram: Latency      : 0x01 (Fixed)[0m
[0;32mI (156) octal_psram: VCC          : 0x01 (3V)[0m
[0;32mI (160) octal_psram: SRF          : 0x01 (Fast Refresh)[0m
[0;32mI (165) octal_psram: BurstType    : 0x01 (Hybrid Wrap)[0m
[0;32mI (170) octal_psram: BurstLen     : 0x01 (32 Byte)[0m
[0;32mI (174) octal_psram: Readlatency  : 0x02 (10 cycles@Fixed)[0m
[0;32mI (179) octal_psram: DriveStrength: 0x00 (1/1)[0m
[0;32mI (184) MSPI Timing: Enter psram timing tuning[0m
[0;32mI (188) esp_psram: Found 8MB PSRAM device[0m
[0;32mI (192) esp_psram: Speed: 80MHz[0m
[0;32mI (195) cpu_start: Multicore app[0m
[0;32mI (610) esp_psram: SPI SRAM memory test OK[0m
[0;32mI (619) cpu_start: GPIO 44 and 43 are used as console UART I/O pins[0m
[0;32mI (620) cpu_start: Pro cpu start user code[0m
[0;32mI (620) cpu_start: cpu freq: 240000000 Hz[0m
[0;32mI (621) app_init: Application information:[0m
[0;32mI (625) app_init: Project name:     hello_world[0m
[0;32mI (629) app_init: App version:      1[0m
[0;32mI (633) app_init: Compile time:     Mar 12 2026 15:56:28[0m
[0;32mI (638) app_init: ELF file SHA256:  22d8eb25d...[0m
[0;32mI (642) app_init: ESP-IDF:          v5.5.3[0m
[0;32mI (646) efuse_init: Min chip rev:     v0.0[0m
[0;32mI (650) efuse_init: Max chip rev:     v0.99 [0m
[0;32mI (654) efuse_init: Chip rev:         v0.2[0m
[0;32mI (658) heap_init: Initializing. RAM available for dynamic allocation:[0m
[0;32mI (664) heap_init: At 3FC95A00 len 00053D10 (335 KiB): RAM[0m
[0;32mI (669) heap_init: At 3FCE9710 len 00005724 (21 KiB): RAM[0m
[0;32mI (674) heap_init: At 3FCF0000 len 00008000 (32 KiB): DRAM[0m
[0;32mI (679) heap_init: At 600FE000 len 00001FE8 (7 KiB): RTCRAM[0m
[0;32mI (685) esp_psram: Adding pool of 8192K of PSRAM memory to heap allocator[0m
[0;32mI (692) spi_flash: detected chip: winbond[0m
[0;32mI (695) spi_flash: flash io: dio[0m
[0;32mI (698) sleep_gpio: Configure to isolate all GPIO pins in sleep state[0m
[0;32mI (704) sleep_gpio: Enable automatic switching of GPIO sleep configuration[0m
[0;32mI (711) main_task: Started on CPU0[0m
[0;32mI (721) esp_psram: Reserving pool of 32K of internal memory for DMA/internal allocations[0m
[0;32mI (721) main_task: Calling app_main()[0m

--- TinyBit Hardware Diagnostic ---
Chip: esp32s3 (rev 0.2), Cores: 2
Flash size: 16 MB (external)
PSRAM size: 8 MB (Detected! ✅)

--- Memory Status ---
Internal RAM free: 389651 bytes
External PSRAM free: 8386308 bytes
Min free heap: 8743928 bytes

Starting TinyBit experiments in 5s...
5...4...3...2...1...0...
Restarting...
ESP-ROM:esp32s3-20210327
Build:Mar 27 2021
rst:0xc (RTC_SW_CPU_RST),boot:0x2b (SPI_FAST_FLASH_BOOT)
Saved PC:0x40379d44
SPIWP:0xee
mode:DIO, clock div:1
load:0x3fce2820,len:0x14f0
load:0x403c8700,len:0xd24
load:0x403cb700,len:0x2ef0
entry 0x403c8924
[0;32mI (24) boot: ESP-IDF v5.5.3 2nd stage bootloader[0m
[0;32mI (24) boot: compile time Mar 12 2026 15:54:24[0m
[0;32mI (24) boot: Multicore bootloader[0m
[0;32mI (25) boot: chip revision: v0.2[0m
[0;32mI (27) boot: efuse block revision: v1.3[0m
[0;32mI (31) boot.esp32s3: Boot SPI Speed : 80MHz[0m
[0;32mI (35) boot.esp32s3: SPI Mode       : DIO[0m
[0;32mI (38) boot.esp32s3: SPI Flash Size : 16MB[0m
[0;32mI (42) boot: Enabling RNG early entropy source...[0m
[0;32mI (47) boot: Partition Table:[0m
[0;32mI (49) boot: ## Label            Usage          Type ST Offset   Length[0m
[0;32mI (56) boot:  0 nvs              WiFi data        01 02 00009000 00006000[0m
[0;32mI (62) boot:  1 phy_init         RF data          01 01 0000f000 00001000[0m
[0;32mI (69) boot:  2 factory          factory app      00 00 00010000 00100000[0m
[0;32mI (75) boot: End of partition table[0m
[0;32mI (78) esp_image: segment 0: paddr=00010020 vaddr=3c010020 size=0796ch ( 31084) map[0m
[0;32mI (91) esp_image: segment 1: paddr=00017994 vaddr=3fc92100 size=03044h ( 12356) load[0m
[0;32mI (96) esp_image: segment 2: paddr=0001a9e0 vaddr=40374000 size=05638h ( 22072) load[0m
[0;32mI (105) esp_image: segment 3: paddr=00020020 vaddr=42000020 size=0f1b0h ( 61872) map[0m
[0;32mI (119) esp_image: segment 4: paddr=0002f1d8 vaddr=40379638 size=089e8h ( 35304) load[0m
[0;32mI (127) esp_image: segment 5: paddr=00037bc8 vaddr=50000000 size=00020h (    32) load[0m
[0;32mI (133) boot: Loaded app from partition at offset 0x10000[0m
[0;32mI (133) boot: Disabling RNG early entropy source...[0m
[0;32mI (145) octal_psram: vendor id    : 0x0d (AP)[0m
[0;32mI (145) octal_psram: dev id       : 0x02 (generation 3)[0m
[0;32mI (145) octal_psram: density      : 0x03 (64 Mbit)[0m
[0;32mI (147) octal_psram: good-die     : 0x01 (Pass)[0m
[0;32mI (152) octal_psram: Latency      : 0x01 (Fixed)[0m
[0;32mI (156) octal_psram: VCC          : 0x01 (3V)[0m
[0;32mI (160) octal_psram: SRF          : 0x01 (Fast Refresh)[0m
[0;32mI (165) octal_psram: BurstType    : 0x01 (Hybrid Wrap)[0m
[0;32mI (170) octal_psram: BurstLen     : 0x01 (32 Byte)[0m
[0;32mI (174) octal_psram: Readlatency  : 0x02 (10 cycles@Fixed)[0m
[0;32mI (179) octal_psram: DriveStrength: 0x00 (1/1)[0m
[0;32mI (184) MSPI Timing: Enter psram timing tuning[0m
[0;32mI (188) esp_psram: Found 8MB PSRAM device[0m
[0;32mI (192) esp_psram: Speed: 80MHz[0m
[0;32mI (195) cpu_start: Multicore app[0m
[0;32mI (610) esp_psram: SPI SRAM memory test OK[0m
[0;32mI (619) cpu_start: GPIO 44 and 43 are used as console UART I/O pins[0m
[0;32mI (620) cpu_start: Pro cpu start user code[0m
[0;32mI (620) cpu_start: cpu freq: 240000000 Hz[0m
[0;32mI (621) app_init: Application information:[0m
[0;32mI (625) app_init: Project name:     hello_world[0m
[0;32mI (629) app_init: App version:      1[0m
[0;32mI (633) app_init: Compile time:     Mar 12 2026 15:56:28[0m
[0;32mI (638) app_init: ELF file SHA256:  22d8eb25d...[0m
[0;32mI (642) app_init: ESP-IDF:          v5.5.3[0m
[0;32mI (646) efuse_init: Min chip rev:     v0.0[0m
[0;32mI (650) efuse_init: Max chip rev:     v0.99 [0m
[0;32mI (654) efuse_init: Chip rev:         v0.2[0m
[0;32mI (658) heap_init: Initializing. RAM available for dynamic allocation:[0m
[0;32mI (664) heap_init: At 3FC95A00 len 00053D10 (335 KiB): RAM[0m
[0;32mI (669) heap_init: At 3FCE9710 len 00005724 (21 KiB): RAM[0m
[0;32mI (674) heap_init: At 3FCF0000 len 00008000 (32 KiB): DRAM[0m
[0;32mI (679) heap_init: At 600FE000 len 00001FE8 (7 KiB): RTCRAM[0m
[0;32mI (685) esp_psram: Adding pool of 8192K of PSRAM memory to heap allocator[0m
[0;32mI (692) spi_flash: detected chip: winbond[0m
[0;32mI (695) spi_flash: flash io: dio[0m
[0;32mI (698) sleep_gpio: Configure to isolate all GPIO pins in sleep state[0m
[0;32mI (704) sleep_gpio: Enable automatic switching of GPIO sleep configuration[0m
[0;32mI (711) main_task: Started on CPU0[0m
[0;32mI (721) esp_psram: Reserving pool of 32K of internal memory for DMA/internal allocations[0m
[0;32mI (721) main_task: Calling app_main()[0m

--- TinyBit Hardware Diagnostic ---
Chip: esp32s3 (rev 0.2), Cores: 2
Flash size: 16 MB (external)
PSRAM size: 8 MB (Detected! ✅)

--- Memory Status ---
Internal RAM free: 389651 bytes
External PSRAM free: 8386308 bytes
Min free heap: 8743928 bytes

Starting TinyBit experiments in 5s...
5...4...3...2...1...0...
Restarting...
ESP-ROM:esp32s3-20210327
Build:Mar 27 2021
rst:0xc (RTC_SW_CPU_RST),boot:0x2b (SPI_FAST_FLASH_BOOT)
Saved PC:0x40379d44
SPIWP:0xee
mode:DIO, clock div:1
load:0x3fce2820,len:0x14f0
load:0x403c8700,len:0xd24
load:0x403cb700,len:0x2ef0
entry 0x403c8924
[0;32mI (24) boot: ESP-IDF v5.5.3 2nd stage bootloader[0m
[0;32mI (24) boot: compile time Mar 12 2026 15:54:24[0m
[0;32mI (24) boot: Multicore bootloader[0m
[0;32mI (25) boot: chip revision: v0.2[0m
[0;32mI (27) boot: efuse block revision: v1.3[0m
[0;32mI (31) boot.esp32s3: Boot SPI Speed : 80MHz[0m
[0;32mI (35) boot.esp32s3: SPI Mode       : DIO[0m
[0;32mI (38) boot.esp32s3: SPI Flash Size : 16MB[0m
[0;32mI (42) boot: Enabling RNG early entropy source...[0m
[0;32mI (47) boot: Partition Table:[0m
[0;32mI (49) boot: ## Label            Usage          Type ST Offset   Length[0m
[0;32mI (56) boot:  0 nvs              WiFi data        01 02 00009000 00006000[0m
[0;32mI (62) boot:  1 phy_init         RF data          01 01 0000f000 00001000[0m
[0;32mI (69) boot:  2 factory          factory app      00 00 00010000 00100000[0m
[0;32mI (75) boot: End of partition table[0m
[0;32mI (78) esp_image: segment 0: paddr=00010020 vaddr=3c010020 size=0796ch ( 31084) map[0m
[0;32mI (91) esp_image: segment 1: paddr=00017994 vaddr=3fc92100 size=03044h ( 12356) load[0m
[0;32mI (96) esp_image: segment 2: paddr=0001a9e0 vaddr=40374000 size=05638h ( 22072) load[0m
[0;32mI (105) esp_image: segment 3: paddr=00020020 vaddr=42000020 size=0f1b0h ( 61872) map[0m
[0;32mI (119) esp_image: segment 4: paddr=0002f1d8 vaddr=40379638 size=089e8h ( 35304) load[0m
[0;32mI (127) esp_image: segment 5: paddr=00037bc8 vaddr=50000000 size=00020h (    32) load[0m
[0;32mI (133) boot: Loaded app from partition at offset 0x10000[0m
[0;32mI (133) boot: Disabling RNG early entropy source...[0m
[0;32mI (145) octal_psram: vendor id    : 0x0d (AP)[0m
[0;32mI (145) octal_psram: dev id       : 0x02 (generation 3)[0m
[0;32mI (145) octal_psram: density      : 0x03 (64 Mbit)[0m
[0;32mI (147) octal_psram: good-die     : 0x01 (Pass)[0m
[0;32mI (152) octal_psram: Latency      : 0x01 (Fixed)[0m
[0;32mI (156) octal_psram: VCC          : 0x01 (3V)[0m
[0;32mI (160) octal_psram: SRF          : 0x01 (Fast Refresh)[0m
[0;32mI (165) octal_psram: BurstType    : 0x01 (Hybrid Wrap)[0m
[0;32mI (170) octal_psram: BurstLen     : 0x01 (32 Byte)[0m
[0;32mI (174) octal_psram: Readlatency  : 0x02 (10 cycles@Fixed)[0m
[0;32mI (179) octal_psram: DriveStrength: 0x00 (1/1)[0m
[0;32mI (184) MSPI Timing: Enter psram timing tuning[0m
[0;32mI (188) esp_psram: Found 8MB PSRAM device[0m
[0;32mI (192) esp_psram: Speed: 80MHz[0m
[0;32mI (195) cpu_start: Multicore app[0m
[0;32mI (610) esp_psram: SPI SRAM memory test OK[0m
[0;32mI (619) cpu_start: GPIO 44 and 43 are used as console UART I/O pins[0m
[0;32mI (620) cpu_start: Pro cpu start user code[0m
[0;32mI (620) cpu_start: cpu freq: 240000000 Hz[0m
[0;32mI (621) app_init: Application information:[0m
[0;32mI (625) app_init: Project name:     hello_world[0m
[0;32mI (629) app_init: App version:      1[0m
[0;32mI (633) app_init: Compile time:     Mar 12 2026 15:56:28[0m
[0;32mI (638) app_init: ELF file SHA256:  22d8eb25d...[0m
[0;32mI (642) app_init: ESP-IDF:          v5.5.3[0m
[0;32mI (646) efuse_init: Min chip rev:     v0.0[0m
[0;32mI (650) efuse_init: Max chip rev:     v0.99 [0m
[0;32mI (654) efuse_init: Chip rev:         v0.2[0m
[0;32mI (658) heap_init: Initializing. RAM available for dynamic allocation:[0m
[0;32mI (664) heap_init: At 3FC95A00 len 00053D10 (335 KiB): RAM[0m
[0;32mI (669) heap_init: At 3FCE9710 len 00005724 (21 KiB): RAM[0m
[0;32mI (674) heap_init: At 3FCF0000 len 00008000 (32 KiB): DRAM[0m
[0;32mI (679) heap_init: At 600FE000 len 00001FE8 (7 KiB): RTCRAM[0m
[0;32mI (685) esp_psram: Adding pool of 8192K of PSRAM memory to heap allocator[0m
[0;32mI (692) spi_flash: detected chip: winbond[0m
[0;32mI (695) spi_flash: flash io: dio[0m
[0;32mI (698) sleep_gpio: Configure to isolate all GPIO pins in sleep state[0m
[0;32mI (704) sleep_gpio: Enable automatic switching of GPIO sleep configuration[0m
[0;32mI (711) main_task: Started on CPU0[0m
[0;32mI (721) esp_psram: Reserving pool of 32K of internal memory for DMA/internal allocations[0m
[0;32mI (721) main_task: Calling app_main()[0m

--- TinyBit Hardware Diagnostic ---
Chip: esp32s3 (rev 0.2), Cores: 2
Flash size: 16 MB (external)
PSRAM size: 8 MB (Detected! ✅)

--- Memory Status ---
Internal RAM free: 389651 bytes
External PSRAM free: 8386308 bytes
Min free heap: 8743928 bytes

Starting TinyBit experiments in 5s...
5...4...3...2...1...0...
Restarting...
ESP-ROM:esp32s3-20210327
Build:Mar 27 2021
rst:0xc (RTC_SW_CPU_RST),boot:0x2b (SPI_FAST_FLASH_BOOT)
Saved PC:0x40379d44
SPIWP:0xee
mode:DIO, clock div:1
load:0x3fce2820,len:0x14f0
load:0x403c8700,len:0xd24
load:0x403cb700,len:0x2ef0
entry 0x403c8924
[0;32mI (24) boot: ESP-IDF v5.5.3 2nd stage bootloader[0m
[0;32mI (24) boot: compile time Mar 12 2026 15:54:24[0m
[0;32mI (24) boot: Multicore bootloader[0m
[0;32mI (25) boot: chip revision: v0.2[0m
[0;32mI (27) boot: efuse block revision: v1.3[0m
[0;32mI (31) boot.esp32s3: Boot SPI Speed : 80MHz[0m
[0;32mI (35) boot.esp32s3: SPI Mode       : DIO[0m
[0;32mI (38) boot.esp32s3: SPI Flash Size : 16MB[0m
[0;32mI (42) boot: Enabling RNG early entropy source...[0m
[0;32mI (47) boot: Partition Table:[0m
[0;32mI (49) boot: ## Label            Usage          Type ST Offset   Length[0m
[0;32mI (56) boot:  0 nvs              WiFi data        01 02 00009000 00006000[0m
[0;32mI (62) boot:  1 phy_init         RF data          01 01 0000f000 00001000[0m
[0;32mI (69) boot:  2 factory          factory app      00 00 00010000 00100000[0m
[0;32mI (75) boot: End of partition table[0m
[0;32mI (78) esp_image: segment 0: paddr=00010020 vaddr=3c010020 size=0796ch ( 31084) map[0m
[0;32mI (91) esp_image: segment 1: paddr=00017994 vaddr=3fc92100 size=03044h ( 12356) load[0m
[0;32mI (96) esp_image: segment 2: paddr=0001a9e0 vaddr=40374000 size=05638h ( 22072) load[0m
[0;32mI (105) esp_image: segment 3: paddr=00020020 vaddr=42000020 size=0f1b0h ( 61872) map[0m
[0;32mI (119) esp_image: segment 4: paddr=0002f1d8 vaddr=40379638 size=089e8h ( 35304) load[0m
[0;32mI (127) esp_image: segment 5: paddr=00037bc8 vaddr=50000000 size=00020h (    32) load[0m
[0;32mI (133) boot: Loaded app from partition at offset 0x10000[0m
[0;32mI (133) boot: Disabling RNG early entropy source...[0m
[0;32mI (145) octal_psram: vendor id    : 0x0d (AP)[0m
[0;32mI (145) octal_psram: dev id       : 0x02 (generation 3)[0m
[0;32mI (145) octal_psram: density      : 0x03 (64 Mbit)[0m
[0;32mI (147) octal_psram: good-die     : 0x01 (Pass)[0m
[0;32mI (152) octal_psram: Latency      : 0x01 (Fixed)[0m
[0;32mI (156) octal_psram: VCC          : 0x01 (3V)[0m
[0;32mI (160) octal_psram: SRF          : 0x01 (Fast Refresh)[0m
[0;32mI (165) octal_psram: BurstType    : 0x01 (Hybrid Wrap)[0m
[0;32mI (170) octal_psram: BurstLen     : 0x01 (32 Byte)[0m
[0;32mI (174) octal_psram: Readlatency  : 0x02 (10 cycles@Fixed)[0m
[0;32mI (179) octal_psram: DriveStrength: 0x00 (1/1)[0m
[0;32mI (184) MSPI Timing: Enter psram timing tuning[0m
[0;32mI (188) esp_psram: Found 8MB PSRAM device[0m
[0;32mI (192) esp_psram: Speed: 80MHz[0m
[0;32mI (195) cpu_start: Multicore app[0m
[0;32mI (610) esp_psram: SPI SRAM memory test OK[0m
[0;32mI (619) cpu_start: GPIO 44 and 43 are used as console UART I/O pins[0m
[0;32mI (620) cpu_start: Pro cpu start user code[0m
[0;32mI (620) cpu_start: cpu freq: 240000000 Hz[0m
[0;32mI (621) app_init: Application information:[0m
[0;32mI (625) app_init: Project name:     hello_world[0m
[0;32mI (629) app_init: App version:      1[0m
[0;32mI (633) app_init: Compile time:     Mar 12 2026 15:56:28[0m
[0;32mI (638) app_init: ELF file SHA256:  22d8eb25d...[0m
[0;32mI (642) app_init: ESP-IDF:          v5.5.3[0m
[0;32mI (646) efuse_init: Min chip rev:     v0.0[0m
[0;32mI (650) efuse_init: Max chip rev:     v0.99 [0m
[0;32mI (654) efuse_init: Chip rev:         v0.2[0m
[0;32mI (658) heap_init: Initializing. RAM available for dynamic allocation:[0m
[0;32mI (664) heap_init: At 3FC95A00 len 00053D10 (335 KiB): RAM[0m
[0;32mI (669) heap_init: At 3FCE9710 len 00005724 (21 KiB): RAM[0m
[0;32mI (674) heap_init: At 3FCF0000 len 00008000 (32 KiB): DRAM[0m
[0;32mI (679) heap_init: At 600FE000 len 00001FE8 (7 KiB): RTCRAM[0m
[0;32mI (685) esp_psram: Adding pool of 8192K of PSRAM memory to heap allocator[0m
[0;32mI (692) spi_flash: detected chip: winbond[0m
[0;32mI (695) spi_flash: flash io: dio[0m
[0;32mI (698) sleep_gpio: Configure to isolate all GPIO pins in sleep state[0m
[0;32mI (704) sleep_gpio: Enable automatic switching of GPIO sleep configuration[0m
[0;32mI (711) main_task: Started on CPU0[0m
[0;32mI (721) esp_psram: Reserving pool of 32K of internal memory for DMA/internal allocations[0m
[0;32mI (721) main_task: Calling app_main()[0m

--- TinyBit Hardware Diagnostic ---
Chip: esp32s3 (rev 0.2), Cores: 2
Flash size: 16 MB (external)
PSRAM size: 8 MB (Detected! ✅)

--- Memory Status ---
Internal RAM free: 389651 bytes
External PSRAM free: 8386308 bytes
Min free heap: 8743928 bytes

Starting TinyBit experiments in 5s...
5...4...3...2...1...0...
Restarting...
ESP-ROM:esp32s3-20210327
Build:Mar 27 2021
rst:0xc (RTC_SW_CPU_RST),boot:0x2b (SPI_FAST_FLASH_BOOT)
Saved PC:0x40379d44
SPIWP:0xee
mode:DIO, clock div:1
load:0x3fce2820,len:0x14f0
load:0x403c8700,len:0xd24
load:0x403cb700,len:0x2ef0
entry 0x403c8924
[0;32mI (24) boot: ESP-IDF v5.5.3 2nd stage bootloader[0m
[0;32mI (24) boot: compile time Mar 12 2026 15:54:24[0m
[0;32mI (24) boot: Multicore bootloader[0m
[0;32mI (25) boot: chip revision: v0.2[0m
[0;32mI (27) boot: efuse block revision: v1.3[0m
[0;32mI (31) boot.esp32s3: Boot SPI Speed : 80MHz[0m
[0;32mI (35) boot.esp32s3: SPI Mode       : DIO[0m
[0;32mI (38) boot.esp32s3: SPI Flash Size : 16MB[0m
[0;32mI (42) boot: Enabling RNG early entropy source...[0m
[0;32mI (47) boot: Partition Table:[0m
[0;32mI (49) boot: ## Label            Usage          Type ST Offset   Length[0m
[0;32mI (56) boot:  0 nvs              WiFi data        01 02 00009000 00006000[0m
[0;32mI (62) boot:  1 phy_init         RF data          01 01 0000f000 00001000[0m
[0;32mI (69) boot:  2 factory          factory app      00 00 00010000 00100000[0m
[0;32mI (75) boot: End of partition table[0m
[0;32mI (78) esp_image: segment 0: paddr=00010020 vaddr=3c010020 size=0796ch ( 31084) map[0m
[0;32mI (91) esp_image: segment 1: paddr=00017994 vaddr=3fc92100 size=03044h ( 12356) load[0m
[0;32mI (96) esp_image: segment 2: paddr=0001a9e0 vaddr=40374000 size=05638h ( 22072) load[0m
[0;32mI (105) esp_image: segment 3: paddr=00020020 vaddr=42000020 size=0f1b0h ( 61872) map[0m
[0;32mI (119) esp_image: segment 4: paddr=0002f1d8 vaddr=40379638 size=089e8h ( 35304) load[0m
[0;32mI (127) esp_image: segment 5: paddr=00037bc8 vaddr=50000000 size=00020h (    32) load[0m
[0;32mI (133) boot: Loaded app from partition at offset 0x10000[0m
[0;32mI (133) boot: Disabling RNG early entropy source...[0m
[0;32mI (145) octal_psram: vendor id    : 0x0d (AP)[0m
[0;32mI (145) octal_psram: dev id       : 0x02 (generation 3)[0m
[0;32mI (145) octal_psram: density      : 0x03 (64 Mbit)[0m
[0;32mI (147) octal_psram: good-die     : 0x01 (Pass)[0m
[0;32mI (152) octal_psram: Latency      : 0x01 (Fixed)[0m
[0;32mI (156) octal_psram: VCC          : 0x01 (3V)[0m
[0;32mI (160) octal_psram: SRF          : 0x01 (Fast Refresh)[0m
[0;32mI (165) octal_psram: BurstType    : 0x01 (Hybrid Wrap)[0m
[0;32mI (170) octal_psram: BurstLen     : 0x01 (32 Byte)[0m
[0;32mI (174) octal_psram: Readlatency  : 0x02 (10 cycles@Fixed)[0m
[0;32mI (179) octal_psram: DriveStrength: 0x00 (1/1)[0m
[0;32mI (184) MSPI Timing: Enter psram timing tuning[0m
[0;32mI (188) esp_psram: Found 8MB PSRAM device[0m
[0;32mI (192) esp_psram: Speed: 80MHz[0m
[0;32mI (195) cpu_start: Multicore app[0m
[0;32mI (610) esp_psram: SPI SRAM memory test OK[0m
[0;32mI (619) cpu_start: GPIO 44 and 43 are used as console UART I/O pins[0m
[0;32mI (620) cpu_start: Pro cpu start user code[0m
[0;32mI (620) cpu_start: cpu freq: 240000000 Hz[0m
[0;32mI (621) app_init: Application information:[0m
[0;32mI (625) app_init: Project name:     hello_world[0m
[0;32mI (629) app_init: App version:      1[0m
[0;32mI (633) app_init: Compile time:     Mar 12 2026 15:56:28[0m
[0;32mI (638) app_init: ELF file SHA256:  22d8eb25d...[0m
[0;32mI (642) app_init: ESP-IDF:          v5.5.3[0m
[0;32mI (646) efuse_init: Min chip rev:     v0.0[0m
[0;32mI (650) efuse_init: Max chip rev:     v0.99 [0m
[0;32mI (654) efuse_init: Chip rev:         v0.2[0m
[0;32mI (658) heap_init: Initializing. RAM available for dynamic allocation:[0m
[0;32mI (664) heap_init: At 3FC95A00 len 00053D10 (335 KiB): RAM[0m
[0;32mI (669) heap_init: At 3FCE9710 len 00005724 (21 KiB): RAM[0m
[0;32mI (674) heap_init: At 3FCF0000 len 00008000 (32 KiB): DRAM[0m
[0;32mI (679) heap_init: At 600FE000 len 00001FE8 (7 KiB): RTCRAM[0m
[0;32mI (685) esp_psram: Adding pool of 8192K of PSRAM memory to heap allocator[0m
[0;32mI (692) spi_flash: detected chip: winbond[0m
[0;32mI (695) spi_flash: flash io: dio[0m
[0;32mI (698) sleep_gpio: Configure to isolate all GPIO pins in sleep state[0m
[0;32mI (704) sleep_gpio: Enable automatic switching of GPIO sleep configuration[0m
[0;32mI (711) main_task: Started on CPU0[0m
[0;32mI (721) esp_psram: Reserving pool of 32K of internal memory for DMA/internal allocations[0m
[0;32mI (721) main_task: Calling app_main()[0m

--- TinyBit Hardware Diagnostic ---
Chip: esp32s3 (rev 0.2), Cores: 2
Flash size: 16 MB (external)
PSRAM size: 8 MB (Detected! ✅)

--- Memory Status ---
Internal RAM free: 389651 bytes
External PSRAM free: 8386308 bytes
Min free heap: 8743928 bytes

Starting TinyBit experiments in 5s...
5...4...3...2...1...0...
Restarting...
ESP-ROM:esp32s3-20210327
Build:Mar 27 2021
rst:0xc (RTC_SW_CPU_RST),boot:0x2b (SPI_FAST_FLASH_BOOT)
Saved PC:0x40379d44
SPIWP:0xee
mode:DIO, clock div:1
load:0x3fce2820,len:0x14f0
load:0x403c8700,len:0xd24
load:0x403cb700,len:0x2ef0
entry 0x403c8924
[0;32mI (24) boot: ESP-IDF v5.5.3 2nd stage bootloader[0m
[0;32mI (24) boot: compile time Mar 12 2026 15:54:24[0m
[0;32mI (24) boot: Multicore bootloader[0m
[0;32mI (25) boot: chip revision: v0.2[0m
[0;32mI (27) boot: efuse block revision: v1.3[0m
[0;32mI (31) boot.esp32s3: Boot SPI Speed : 80MHz[0m
[0;32mI (35) boot.esp32s3: SPI Mode       : DIO[0m
[0;32mI (38) boot.esp32s3: SPI Flash Size : 16MB[0m
[0;32mI (42) boot: Enabling RNG early entropy source...[0m
[0;32mI (47) boot: Partition Table:[0m
[0;32mI (49) boot: ## Label            Usage          Type ST Offset   Length[0m
[0;32mI (56) boot:  0 nvs              WiFi data        01 02 00009000 00006000[0m
[0;32mI (62) boot:  1 phy_init         RF data          01 01 0000f000 00001000[0m
[0;32mI (69) boot:  2 factory          factory app      00 00 00010000 00100000[0m
[0;32mI (75) boot: End of partition table[0m
[0;32mI (78) esp_image: segment 0: paddr=00010020 vaddr=3c010020 size=0796ch ( 31084) map[0m
[0;32mI (91) esp_image: segment 1: paddr=00017994 vaddr=3fc92100 size=03044h ( 12356) load[0m
[0;32mI (96) esp_image: segment 2: paddr=0001a9e0 vaddr=40374000 size=05638h ( 22072) load[0m
[0;32mI (105) esp_image: segment 3: paddr=00020020 vaddr=42000020 size=0f1b0h ( 61872) map[0m
[0;32mI (119) esp_image: segment 4: paddr=0002f1d8 vaddr=40379638 size=089e8h ( 35304) load[0m
[0;32mI (127) esp_image: segment 5: paddr=00037bc8 vaddr=50000000 size=00020h (    32) load[0m
[0;32mI (133) boot: Loaded app from partition at offset 0x10000[0m
[0;32mI (133) boot: Disabling RNG early entropy source...[0m
[0;32mI (145) octal_psram: vendor id    : 0x0d (AP)[0m
[0;32mI (145) octal_psram: dev id       : 0x02 (generation 3)[0m
[0;32mI (145) octal_psram: density      : 0x03 (64 Mbit)[0m
[0;32mI (147) octal_psram: good-die     : 0x01 (Pass)[0m
[0;32mI (152) octal_psram: Latency      : 0x01 (Fixed)[0m
[0;32mI (156) octal_psram: VCC          : 0x01 (3V)[0m
[0;32mI (160) octal_psram: SRF          : 0x01 (Fast Refresh)[0m
[0;32mI (165) octal_psram: BurstType    : 0x01 (Hybrid Wrap)[0m
[0;32mI (170) octal_psram: BurstLen     : 0x01 (32 Byte)[0m
[0;32mI (174) octal_psram: Readlatency  : 0x02 (10 cycles@Fixed)[0m
[0;32mI (179) octal_psram: DriveStrength: 0x00 (1/1)[0m
[0;32mI (184) MSPI Timing: Enter psram timing tuning[0m
[0;32mI (188) esp_psram: Found 8MB PSRAM device[0m
[0;32mI (192) esp_psram: Speed: 80MHz[0m
[0;32mI (195) cpu_start: Multicore app[0m
[0;32mI (610) esp_psram: SPI SRAM memory test OK[0m
[0;32mI (619) cpu_start: GPIO 44 and 43 are used as console UART I/O pins[0m
[0;32mI (620) cpu_start: Pro cpu start user code[0m
[0;32mI (620) cpu_start: cpu freq: 240000000 Hz[0m
[0;32mI (621) app_init: Application information:[0m
[0;32mI (625) app_init: Project name:     hello_world[0m
[0;32mI (629) app_init: App version:      1[0m
[0;32mI (633) app_init: Compile time:     Mar 12 2026 15:56:28[0m
[0;32mI (638) app_init: ELF file SHA256:  22d8eb25d...[0m
[0;32mI (642) app_init: ESP-IDF:          v5.5.3[0m
[0;32mI (646) efuse_init: Min chip rev:     v0.0[0m
[0;32mI (650) efuse_init: Max chip rev:     v0.99 [0m
[0;32mI (654) efuse_init: Chip rev:         v0.2[0m
[0;32mI (658) heap_init: Initializing. RAM available for dynamic allocation:[0m
[0;32mI (664) heap_init: At 3FC95A00 len 00053D10 (335 KiB): RAM[0m
[0;32mI (669) heap_init: At 3FCE9710 len 00005724 (21 KiB): RAM[0m
[0;32mI (674) heap_init: At 3FCF0000 len 00008000 (32 KiB): DRAM[0m
[0;32mI (679) heap_init: At 600FE000 len 00001FE8 (7 KiB): RTCRAM[0m
[0;32mI (685) esp_psram: Adding pool of 8192K of PSRAM memory to heap allocator[0m
[0;32mI (692) spi_flash: detected chip: winbond[0m
[0;32mI (695) spi_flash: flash io: dio[0m
[0;32mI (698) sleep_gpio: Configure to isolate all GPIO pins in sleep state[0m
[0;32mI (704) sleep_gpio: Enable automatic switching of GPIO sleep configuration[0m
[0;32mI (711) main_task: Started on CPU0[0m
[0;32mI (721) esp_psram: Reserving pool of 32K of internal memory for DMA/internal allocations[0m
[0;32mI (721) main_task: Calling app_main()[0m

--- TinyBit Hardware Diagnostic ---
Chip: esp32s3 (rev 0.2), Cores: 2
Flash size: 16 MB (external)
PSRAM size: 8 MB (Detected! ✅)

--- Memory Status ---
Internal RAM free: 389651 bytes
External PSRAM free: 8386308 bytes
Min free heap: 8743928 bytes

Starting TinyBit experiments in 5s...
5...4...3...2...1...0...
Restarting...
ESP-ROM:esp32s3-20210327
Build:Mar 27 2021
rst:0xc (RTC_SW_CPU_RST),boot:0x2b (SPI_FAST_FLASH_BOOT)
Saved PC:0x40379d44
SPIWP:0xee
mode:DIO, clock div:1
load:0x3fce2820,len:0x14f0
load:0x403c8700,len:0xd24
load:0x403cb700,len:0x2ef0
entry 0x403c8924
[0;32mI (24) boot: ESP-IDF v5.5.3 2nd stage bootloader[0m
[0;32mI (24) boot: compile time Mar 12 2026 15:54:24[0m
[0;32mI (24) boot: Multicore bootloader[0m
[0;32mI (25) boot: chip revision: v0.2[0m
[0;32mI (27) boot: efuse block revision: v1.3[0m
[0;32mI (31) boot.esp32s3: Boot SPI Speed : 80MHz[0m
[0;32mI (35) boot.esp32s3: SPI Mode       : DIO[0m
[0;32mI (38) boot.esp32s3: SPI Flash Size : 16MB[0m
[0;32mI (42) boot: Enabling RNG early entropy source...[0m
[0;32mI (47) boot: Partition Table:[0m
[0;32mI (49) boot: ## Label            Usage          Type ST Offset   Length[0m
[0;32mI (56) boot:  0 nvs              WiFi data        01 02 00009000 00006000[0m
[0;32mI (62) boot:  1 phy_init         RF data          01 01 0000f000 00001000[0m
[0;32mI (69) boot:  2 factory          factory app      00 00 00010000 00100000[0m
[0;32mI (75) boot: End of partition table[0m
[0;32mI (78) esp_image: segment 0: paddr=00010020 vaddr=3c010020 size=0796ch ( 31084) map[0m
[0;32mI (91) esp_image: segment 1: paddr=00017994 vaddr=3fc92100 size=03044h ( 12356) load[0m
[0;32mI (96) esp_image: segment 2: paddr=0001a9e0 vaddr=40374000 size=05638h ( 22072) load[0m
[0;32mI (105) esp_image: segment 3: paddr=00020020 vaddr=42000020 size=0f1b0h ( 61872) map[0m
[0;32mI (119) esp_image: segment 4: paddr=0002f1d8 vaddr=40379638 size=089e8h ( 35304) load[0m
[0;32mI (127) esp_image: segment 5: paddr=00037bc8 vaddr=50000000 size=00020h (    32) load[0m
[0;32mI (133) boot: Loaded app from partition at offset 0x10000[0m
[0;32mI (133) boot: Disabling RNG early entropy source...[0m
[0;32mI (145) octal_psram: vendor id    : 0x0d (AP)[0m
[0;32mI (145) octal_psram: dev id       : 0x02 (generation 3)[0m
[0;32mI (145) octal_psram: density      : 0x03 (64 Mbit)[0m
[0;32mI (147) octal_psram: good-die     : 0x01 (Pass)[0m
[0;32mI (152) octal_psram: Latency      : 0x01 (Fixed)[0m
[0;32mI (156) octal_psram: VCC          : 0x01 (3V)[0m
[0;32mI (160) octal_psram: SRF          : 0x01 (Fast Refresh)[0m
[0;32mI (165) octal_psram: BurstType    : 0x01 (Hybrid Wrap)[0m
[0;32mI (170) octal_psram: BurstLen     : 0x01 (32 Byte)[0m
[0;32mI (174) octal_psram: Readlatency  : 0x02 (10 cycles@Fixed)[0m
[0;32mI (179) octal_psram: DriveStrength: 0x00 (1/1)[0m
[0;32mI (184) MSPI Timing: Enter psram timing tuning[0m
[0;32mI (188) esp_psram: Found 8MB PSRAM device[0m
[0;32mI (192) esp_psram: Speed: 80MHz[0m
[0;32mI (195) cpu_start: Multicore app[0m
[0;32mI (610) esp_psram: SPI SRAM memory test OK[0m
[0;32mI (619) cpu_start: GPIO 44 and 43 are used as console UART I/O pins[0m
[0;32mI (620) cpu_start: Pro cpu start user code[0m
[0;32mI (620) cpu_start: cpu freq: 240000000 Hz[0m
[0;32mI (621) app_init: Application information:[0m
[0;32mI (625) app_init: Project name:     hello_world[0m
[0;32mI (629) app_init: App version:      1[0m
[0;32mI (633) app_init: Compile time:     Mar 12 2026 15:56:28[0m
[0;32mI (638) app_init: ELF file SHA256:  22d8eb25d...[0m
[0;32mI (642) app_init: ESP-IDF:          v5.5.3[0m
[0;32mI (646) efuse_init: Min chip rev:     v0.0[0m
[0;32mI (650) efuse_init: Max chip rev:     v0.99 [0m
[0;32mI (654) efuse_init: Chip rev:         v0.2[0m
[0;32mI (658) heap_init: Initializing. RAM available for dynamic allocation:[0m
[0;32mI (664) heap_init: At 3FC95A00 len 00053D10 (335 KiB): RAM[0m
[0;32mI (669) heap_init: At 3FCE9710 len 00005724 (21 KiB): RAM[0m
[0;32mI (674) heap_init: At 3FCF0000 len 00008000 (32 KiB): DRAM[0m
[0;32mI (679) heap_init: At 600FE000 len 00001FE8 (7 KiB): RTCRAM[0m
[0;32mI (685) esp_psram: Adding pool of 8192K of PSRAM memory to heap allocator[0m
[0;32mI (692) spi_flash: detected chip: winbond[0m
[0;32mI (695) spi_flash: flash io: dio[0m
[0;32mI (698) sleep_gpio: Configure to isolate all GPIO pins in sleep state[0m
[0;32mI (704) sleep_gpio: Enable automatic switching of GPIO sleep configuration[0m
[0;32mI (711) main_task: Started on CPU0[0m
[0;32mI (721) esp_psram: Reserving pool of 32K of internal memory for DMA/internal allocations[0m
[0;32mI (721) main_task: Calling app_main()[0m

--- TinyBit Hardware Diagnostic ---
Chip: esp32s3 (rev 0.2), Cores: 2
Flash size: 16 MB (external)
PSRAM size: 8 MB (Detected! ✅)

--- Memory Status ---
Internal RAM free: 389651 bytes
External PSRAM free: 8386308 bytes
Min free heap: 8743928 bytes

Starting TinyBit experiments in 5s...
5...4...3...2...1...0...
Restarting...
ESP-ROM:esp32s3-20210327
Build:Mar 27 2021
rst:0xc (RTC_SW_CPU_RST),boot:0x2b (SPI_FAST_FLASH_BOOT)
Saved PC:0x40379d44
SPIWP:0xee
mode:DIO, clock div:1
load:0x3fce2820,len:0x14f0
load:0x403c8700,len:0xd24
load:0x403cb700,len:0x2ef0
entry 0x403c8924
[0;32mI (24) boot: ESP-IDF v5.5.3 2nd stage bootloader[0m
[0;32mI (24) boot: compile time Mar 12 2026 15:54:24[0m
[0;32mI (24) boot: Multicore bootloader[0m
[0;32mI (25) boot: chip revision: v0.2[0m
[0;32mI (27) boot: efuse block revision: v1.3[0m
[0;32mI (31) boot.esp32s3: Boot SPI Speed : 80MHz[0m
[0;32mI (35) boot.esp32s3: SPI Mode       : DIO[0m
[0;32mI (38) boot.esp32s3: SPI Flash Size : 16MB[0m
[0;32mI (42) boot: Enabling RNG early entropy source...[0m
[0;32mI (47) boot: Partition Table:[0m
[0;32mI (49) boot: ## Label            Usage          Type ST Offset   Length[0m
[0;32mI (56) boot:  0 nvs              WiFi data        01 02 00009000 00006000[0m
[0;32mI (62) boot:  1 phy_init         RF data          01 01 0000f000 00001000[0m
[0;32mI (69) boot:  2 factory          factory app      00 00 00010000 00100000[0m
[0;32mI (75) boot: End of partition table[0m
[0;32mI (78) esp_image: segment 0: paddr=00010020 vaddr=3c010020 size=0796ch ( 31084) map[0m
[0;32mI (91) esp_image: segment 1: paddr=00017994 vaddr=3fc92100 size=03044h ( 12356) load[0m
[0;32mI (96) esp_image: segment 2: paddr=0001a9e0 vaddr=40374000 size=05638h ( 22072) load[0m
[0;32mI (105) esp_image: segment 3: paddr=00020020 vaddr=42000020 size=0f1b0h ( 61872) map[0m
[0;32mI (119) esp_image: segment 4: paddr=0002f1d8 vaddr=40379638 size=089e8h ( 35304) load[0m
[0;32mI (127) esp_image: segment 5: paddr=00037bc8 vaddr=50000000 size=00020h (    32) load[0m
[0;32mI (133) boot: Loaded app from partition at offset 0x10000[0m
[0;32mI (133) boot: Disabling RNG early entropy source...[0m
[0;32mI (145) octal_psram: vendor id    : 0x0d (AP)[0m
[0;32mI (145) octal_psram: dev id       : 0x02 (generation 3)[0m
[0;32mI (145) octal_psram: density      : 0x03 (64 Mbit)[0m
[0;32mI (147) octal_psram: good-die     : 0x01 (Pass)[0m
[0;32mI (152) octal_psram: Latency      : 0x01 (Fixed)[0m
[0;32mI (156) octal_psram: VCC          : 0x01 (3V)[0m
[0;32mI (160) octal_psram: SRF          : 0x01 (Fast Refresh)[0m
[0;32mI (165) octal_psram: BurstType    : 0x01 (Hybrid Wrap)[0m
[0;32mI (170) octal_psram: BurstLen     : 0x01 (32 Byte)[0m
[0;32mI (174) octal_psram: Readlatency  : 0x02 (10 cycles@Fixed)[0m
[0;32mI (179) octal_psram: DriveStrength: 0x00 (1/1)[0m
[0;32mI (184) MSPI Timing: Enter psram timing tuning[0m
[0;32mI (188) esp_psram: Found 8MB PSRAM device[0m
[0;32mI (192) esp_psram: Speed: 80MHz[0m
[0;32mI (195) cpu_start: Multicore app[0m
[0;32mI (610) esp_psram: SPI SRAM memory test OK[0m
[0;32mI (619) cpu_start: GPIO 44 and 43 are used as console UART I/O pins[0m
[0;32mI (620) cpu_start: Pro cpu start user code[0m
[0;32mI (620) cpu_start: cpu freq: 240000000 Hz[0m
[0;32mI (621) app_init: Application information:[0m
[0;32mI (625) app_init: Project name:     hello_world[0m
[0;32mI (629) app_init: App version:      1[0m
[0;32mI (633) app_init: Compile time:     Mar 12 2026 15:56:28[0m
[0;32mI (638) app_init: ELF file SHA256:  22d8eb25d...[0m
[0;32mI (642) app_init: ESP-IDF:          v5.5.3[0m
[0;32mI (646) efuse_init: Min chip rev:     v0.0[0m
[0;32mI (650) efuse_init: Max chip rev:     v0.99 [0m
[0;32mI (654) efuse_init: Chip rev:         v0.2[0m
[0;32mI (658) heap_init: Initializing. RAM available for dynamic allocation:[0m
[0;32mI (664) heap_init: At 3FC95A00 len 00053D10 (335 KiB): RAM[0m
[0;32mI (669) heap_init: At 3FCE9710 len 00005724 (21 KiB): RAM[0m
[0;32mI (674) heap_init: At 3FCF0000 len 00008000 (32 KiB): DRAM[0m
[0;32mI (679) heap_init: At 600FE000 len 00001FE8 (7 KiB): RTCRAM[0m
[0;32mI (685) esp_psram: Adding pool of 8192K of PSRAM memory to heap allocator[0m
[0;32mI (692) spi_flash: detected chip: winbond[0m
[0;32mI (695) spi_flash: flash io: dio[0m
[0;32mI (698) sleep_gpio: Configure to isolate all GPIO pins in sleep state[0m
[0;32mI (704) sleep_gpio: Enable automatic switching of GPIO sleep configuration[0m
[0;32mI (711) main_task: Started on CPU0[0m
[0;32mI (721) esp_psram: Reserving pool of 32K of internal memory for DMA/internal allocations[0m
[0;32mI (721) main_task: Calling app_main()[0m

--- TinyBit Hardware Diagnostic ---
Chip: esp32s3 (rev 0.2), Cores: 2
Flash size: 16 MB (external)
PSRAM size: 8 MB (Detected! ✅)

--- Memory Status ---
Internal RAM free: 389651 bytes
External PSRAM free: 8386308 bytes
Min free heap: 8743928 bytes

Starting TinyBit experiments in 5s...
5...4...3...2...1...0...
Restarting...
ESP-ROM:esp32s3-20210327
Build:Mar 27 2021
rst:0xc (RTC_SW_CPU_RST),boot:0x2b (SPI_FAST_FLASH_BOOT)
Saved PC:0x40379d44
SPIWP:0xee
mode:DIO, clock div:1
load:0x3fce2820,len:0x14f0
load:0x403c8700,len:0xd24
load:0x403cb700,len:0x2ef0
entry 0x403c8924
[0;32mI (24) boot: ESP-IDF v5.5.3 2nd stage bootloader[0m
[0;32mI (24) boot: compile time Mar 12 2026 15:54:24[0m
[0;32mI (24) boot: Multicore bootloader[0m
[0;32mI (25) boot: chip revision: v0.2[0m
[0;32mI (27) boot: efuse block revision: v1.3[0m
[0;32mI (31) boot.esp32s3: Boot SPI Speed : 80MHz[0m
[0;32mI (35) boot.esp32s3: SPI Mode       : DIO[0m
[0;32mI (38) boot.esp32s3: SPI Flash Size : 16MB[0m
[0;32mI (42) boot: Enabling RNG early entropy source...[0m
[0;32mI (47) boot: Partition Table:[0m
[0;32mI (49) boot: ## Label            Usage          Type ST Offset   Length[0m
[0;32mI (56) boot:  0 nvs              WiFi data        01 02 00009000 00006000[0m
[0;32mI (62) boot:  1 phy_init         RF data          01 01 0000f000 00001000[0m
[0;32mI (69) boot:  2 factory          factory app      00 00 00010000 00100000[0m
[0;32mI (75) boot: End of partition table[0m
[0;32mI (78) esp_image: segment 0: paddr=00010020 vaddr=3c010020 size=0796ch ( 31084) map[0m
[0;32mI (91) esp_image: segment 1: paddr=00017994 vaddr=3fc92100 size=03044h ( 12356) load[0m
[0;32mI (96) esp_image: segment 2: paddr=0001a9e0 vaddr=40374000 size=05638h ( 22072) load[0m
[0;32mI (105) esp_image: segment 3: paddr=00020020 vaddr=42000020 size=0f1b0h ( 61872) map[0m
[0;32mI (119) esp_image: segment 4: paddr=0002f1d8 vaddr=40379638 size=089e8h ( 35304) load[0m
[0;32mI (127) esp_image: segment 5: paddr=00037bc8 vaddr=50000000 size=00020h (    32) load[0m
[0;32mI (133) boot: Loaded app from partition at offset 0x10000[0m
[0;32mI (133) boot: Disabling RNG early entropy source...[0m
[0;32mI (145) octal_psram: vendor id    : 0x0d (AP)[0m
[0;32mI (145) octal_psram: dev id       : 0x02 (generation 3)[0m
[0;32mI (145) octal_psram: density      : 0x03 (64 Mbit)[0m
[0;32mI (147) octal_psram: good-die     : 0x01 (Pass)[0m
[0;32mI (152) octal_psram: Latency      : 0x01 (Fixed)[0m
[0;32mI (156) octal_psram: VCC          : 0x01 (3V)[0m
[0;32mI (160) octal_psram: SRF          : 0x01 (Fast Refresh)[0m
[0;32mI (165) octal_psram: BurstType    : 0x01 (Hybrid Wrap)[0m
[0;32mI (170) octal_psram: BurstLen     : 0x01 (32 Byte)[0m
[0;32mI (174) octal_psram: Readlatency  : 0x02 (10 cycles@Fixed)[0m
[0;32mI (179) octal_psram: DriveStrength: 0x00 (1/1)[0m
[0;32mI (184) MSPI Timing: Enter psram timing tuning[0m
[0;32mI (188) esp_psram: Found 8MB PSRAM device[0m
[0;32mI (192) esp_psram: Speed: 80MHz[0m
[0;32mI (195) cpu_start: Multicore app[0m
[0;32mI (610) esp_psram: SPI SRAM memory test OK[0m
[0;32mI (619) cpu_start: GPIO 44 and 43 are used as console UART I/O pins[0m
[0;32mI (620) cpu_start: Pro cpu start user code[0m
[0;32mI (620) cpu_start: cpu freq: 240000000 Hz[0m
[0;32mI (621) app_init: Application information:[0m
